c args: -cpu-lim=10800  /mnt/c/vscode/qldpc-challenge-foundry/lab/results/distqldpc/tile_390_8_99097d763832_11x13_X_c0
c trying d: 1
c d_lb: 1
c trying d: 2
c d_lb: 2
c trying d: 4
c d_lb: 4
c trying d: 8
c d_lb: 8
c trying d: 16
c d_lb: 16
c trying d: 32
c d_ub: 31
c d_ub: 30
c d_ub: 29
c d_ub: 28
c d_ub: 27
c d_ub: 25
c d_ub: 23
c d_ub: 22
c d_ub: 21
c d_ub: 20
c d_ub: 19
c d_lb: 16
c d_ub: 19
c status: TIMEOUT (child killed after -cpu-lim)
c d  : UNKNOWN
s UNKNOWN
Command exited with non-zero status 1
wall 10800.31 s
