16 cubes queued on 4 workers
bb_216_8_16_18x6 X|-1,109,-2,-3 SPLIT 600.1s  {"verdict": "in progress", "proven_share": 0.0, "leaves_unsat": 0, "leaves_pending": 9, "splits": 1, "cpu_hours": 0.17}
bb_216_8_16_18x6 X|-1,109,2,3 SPLIT 600.0s  {"verdict": "in progress", "proven_share": 0.0, "leaves_unsat": 0, "leaves_pending": 10, "splits": 2, "cpu_hours": 0.33}
bb_216_8_16_18x6 X|-1,109,-2,3 SPLIT 600.1s  {"verdict": "in progress", "proven_share": 0.0, "leaves_unsat": 0, "leaves_pending": 11, "splits": 3, "cpu_hours": 0.5}
bb_216_8_16_18x6 X|-1,109,2,-3 SPLIT 600.6s  {"verdict": "in progress", "proven_share": 0.0, "leaves_unsat": 0, "leaves_pending": 12, "splits": 4, "cpu_hours": 0.67}
bb_216_8_16_18x6 X|1,-2,-3 SPLIT 600.1s  {"verdict": "in progress", "proven_share": 0.0, "leaves_unsat": 0, "leaves_pending": 13, "splits": 5, "cpu_hours": 0.83}
bb_216_8_16_18x6 X|1,-2,3 SPLIT 600.1s  {"verdict": "in progress", "proven_share": 0.0, "leaves_unsat": 0, "leaves_pending": 14, "splits": 6, "cpu_hours": 1.0}
bb_216_8_16_18x6 X|1,2,-3 SPLIT 600.1s  {"verdict": "in progress", "proven_share": 0.0, "leaves_unsat": 0, "leaves_pending": 15, "splits": 7, "cpu_hours": 1.17}
bb_216_8_16_18x6 X|1,2,3 SPLIT 600.1s  {"verdict": "in progress", "proven_share": 0.0, "leaves_unsat": 0, "leaves_pending": 16, "splits": 8, "cpu_hours": 1.33}
bb_288_12_16_24x6 X|-1,145,2,3 UNSAT 587.0s  {"verdict": "in progress", "proven_share": 0.125, "leaves_unsat": 1, "leaves_pending": 7, "splits": 0, "cpu_hours": 0.16}
bb_288_12_16_24x6 X|-1,145,-2,-3 SPLIT 600.1s  {"verdict": "in progress", "proven_share": 0.125, "leaves_unsat": 1, "leaves_pending": 8, "splits": 1, "cpu_hours": 0.33}
bb_288_12_16_24x6 X|-1,145,2,-3 SPLIT 600.1s  {"verdict": "in progress", "proven_share": 0.125, "leaves_unsat": 1, "leaves_pending": 9, "splits": 2, "cpu_hours": 0.5}
bb_288_12_16_24x6 X|-1,145,-2,3 SPLIT 600.4s  {"verdict": "in progress", "proven_share": 0.125, "leaves_unsat": 1, "leaves_pending": 10, "splits": 3, "cpu_hours": 0.66}
bb_288_12_16_24x6 X|1,-2,-3 SPLIT 600.1s  {"verdict": "in progress", "proven_share": 0.125, "leaves_unsat": 1, "leaves_pending": 11, "splits": 4, "cpu_hours": 0.83}
bb_288_12_16_24x6 X|1,-2,3 SPLIT 600.1s  {"verdict": "in progress", "proven_share": 0.125, "leaves_unsat": 1, "leaves_pending": 12, "splits": 5, "cpu_hours": 1.0}
bb_288_12_16_24x6 X|1,2,-3 SPLIT 600.1s  {"verdict": "in progress", "proven_share": 0.125, "leaves_unsat": 1, "leaves_pending": 13, "splits": 6, "cpu_hours": 1.16}
bb_288_12_16_24x6 X|1,2,3 SPLIT 600.1s  {"verdict": "in progress", "proven_share": 0.125, "leaves_unsat": 1, "leaves_pending": 14, "splits": 7, "cpu_hours": 1.33}
bb_216_8_16_18x6 X|-1,109,2,3,4 UNSAT 203.2s  {"verdict": "in progress", "proven_share": 0.0625, "leaves_unsat": 1, "leaves_pending": 15, "splits": 8, "cpu_hours": 1.39}
bb_216_8_16_18x6 X|-1,109,-2,-3,4 SPLIT 600.1s  {"verdict": "in progress", "proven_share": 0.0625, "leaves_unsat": 1, "leaves_pending": 16, "splits": 9, "cpu_hours": 1.56}
bb_216_8_16_18x6 X|-1,109,-2,-3,-4 SPLIT 600.1s  {"verdict": "in progress", "proven_share": 0.0625, "leaves_unsat": 1, "leaves_pending": 17, "splits": 10, "cpu_hours": 1.72}
bb_216_8_16_18x6 X|-1,109,2,3,-4 SPLIT 600.2s  {"verdict": "in progress", "proven_share": 0.0625, "leaves_unsat": 1, "leaves_pending": 18, "splits": 11, "cpu_hours": 1.89}
bb_216_8_16_18x6 X|-1,109,-2,3,4 SPLIT 600.1s  {"verdict": "in progress", "proven_share": 0.0625, "leaves_unsat": 1, "leaves_pending": 19, "splits": 12, "cpu_hours": 2.06}
bb_216_8_16_18x6 X|-1,109,-2,3,-4 SPLIT 600.2s  {"verdict": "in progress", "proven_share": 0.0625, "leaves_unsat": 1, "leaves_pending": 20, "splits": 13, "cpu_hours": 2.22}
bb_216_8_16_18x6 X|-1,109,2,-3,4 SPLIT 600.2s  {"verdict": "in progress", "proven_share": 0.0625, "leaves_unsat": 1, "leaves_pending": 21, "splits": 14, "cpu_hours": 2.39}
bb_216_8_16_18x6 X|-1,109,2,-3,-4 SPLIT 600.1s  {"verdict": "in progress", "proven_share": 0.0625, "leaves_unsat": 1, "leaves_pending": 22, "splits": 15, "cpu_hours": 2.56}
bb_216_8_16_18x6 X|1,-2,-3,4 SPLIT 600.2s  {"verdict": "in progress", "proven_share": 0.0625, "leaves_unsat": 1, "leaves_pending": 23, "splits": 16, "cpu_hours": 2.72}
bb_216_8_16_18x6 X|1,-2,-3,-4 SPLIT 600.0s  {"verdict": "in progress", "proven_share": 0.0625, "leaves_unsat": 1, "leaves_pending": 24, "splits": 17, "cpu_hours": 2.89}
bb_216_8_16_18x6 X|1,-2,3,4 SPLIT 600.1s  {"verdict": "in progress", "proven_share": 0.0625, "leaves_unsat": 1, "leaves_pending": 25, "splits": 18, "cpu_hours": 3.06}
bb_216_8_16_18x6 X|1,-2,3,-4 SPLIT 600.1s  {"verdict": "in progress", "proven_share": 0.0625, "leaves_unsat": 1, "leaves_pending": 26, "splits": 19, "cpu_hours": 3.22}
bb_216_8_16_18x6 X|1,2,-3,4 SPLIT 600.1s  {"verdict": "in progress", "proven_share": 0.0625, "leaves_unsat": 1, "leaves_pending": 27, "splits": 20, "cpu_hours": 3.39}
bb_216_8_16_18x6 X|1,2,3,4 UNSAT 231.1s  {"verdict": "in progress", "proven_share": 0.125, "leaves_unsat": 2, "leaves_pending": 26, "splits": 20, "cpu_hours": 3.45}
