[[216,8,<=16]]  l=18, m=6, A = y^5 + x + x^12, B = y + x^2 + x^3
solver log follows; 'dual bound' is the proven minimum so far, it rises over time
Running HiGHS 1.12.0 (git hash: 4f96ee8): Copyright (c) 2025 HiGHS under MIT licence terms
MIP has 118 rows; 340 cols; 1188 nonzeros; 340 integer variables (224 binary)
Coefficient ranges:
  Matrix  [1e+00, 2e+00]
  Cost    [1e+00, 1e+00]
  Bound   [1e+00, 3e+01]
  RHS     [1e+00, 1e+00]
Presolving model
118 rows, 340 cols, 1188 nonzeros  0s
118 rows, 340 cols, 1188 nonzeros  0s
Presolve reductions: rows 118(-0); columns 340(-0); nonzeros 1188(-0) - Not reduced
Objective function is integral with scale 1

Solving MIP model with:
   118 rows
   340 cols (224 binary, 116 integer, 0 implied int., 0 continuous, 0 domain fixed)
   1188 nonzeros

Src: B => Branching; C => Central rounding; F => Feasibility pump; H => Heuristic;
     I => Shifting; J => Feasibility jump; L => Sub-MIP; P => Empty MIP; R => Randomized rounding;
     S => Solve LP; T => Evaluate node; U => Unbounded; X => User solution; Y => HiGHS solution;
     Z => ZI Round; l => Trivial lower; p => Trivial point; u => Trivial upper; z => Trivial zero

        Nodes      |    B&B Tree     |            Objective Bounds              |  Dynamic Constraints |       Work      
Src  Proc. InQueue |  Leaves   Expl. | BestBound       BestSol              Gap |   Cuts   InLp Confl. | LpIters     Time

         0       0         0   0.00%   1               inf                  inf        0      0      0         0     0.0s
         0       0         0   0.00%   1               inf                  inf        0      0      4         4     0.0s
 L       0       0         0   0.00%   6               28                78.57%     2628    122    188       308     1.1s
 L     100      23        34   0.00%   6               24                75.00%     2612     87   1918      6231     3.8s
       262      49        90   0.00%   6               24                75.00%     3593    192   4058     37419     8.9s
       417     100       148   0.00%   6               24                75.00%     3469    238   6644     67507    14.2s
       519     119       190   0.00%   6               24                75.00%     4666    289   7746     97543    20.5s
 L     606     120       231   0.01%   6               22                72.73%     3575    301   8819    103543    22.8s
 L     811     106       313   0.02%   6               18                66.67%     4041    357   8078    127449    28.2s
      1051     138       414   2.40%   6               18                66.67%     7359    378   8037    149499    33.2s
      1261     158       508   2.54%   6               18                66.67%     7804    292   9738    168580    38.2s
      1416     172       578   2.55%   6               18                66.67%     5568    279   7991    185694    43.6s
      1960     225       824   3.10%   6               18                66.67%     7670    294   9585    207849    48.6s

Restarting search from the root node
Model after restart has 118 rows, 340 cols (224 bin., 116 int., 0 impl., 0 cont., 0 dom.fix.), and 1188 nonzeros

      2012       0         0   0.00%   6               18                66.67%      285      0      0    209444    49.0s
      2012       0         0   0.00%   6               18                66.67%      285     19      3    209485    49.0s
      2529      83       211   0.08%   6               18                66.67%     5519    299   7320    238099    54.9s
      2905     128       375   0.23%   6               18                66.67%     6334    360   7868    262011    59.9s
      3139     165       471   0.32%   6               18                66.67%     7173    415   7555    282293    64.9s
      3383     193       580   1.06%   6               18                66.67%     8767    464   8827    303010    69.9s

Restarting search from the root node
Model after restart has 118 rows, 340 cols (224 bin., 116 int., 0 impl., 0 cont., 0 dom.fix.), and 1188 nonzeros

      3523       0         0   0.00%   6               18                66.67%      494      0      0    322312    73.9s

        Nodes      |    B&B Tree     |            Objective Bounds              |  Dynamic Constraints |       Work      
Src  Proc. InQueue |  Leaves   Expl. | BestBound       BestSol              Gap |   Cuts   InLp Confl. | LpIters     Time

      3523       0         0   0.00%   6               18                66.67%      494     70      3    322465    73.9s
      4343     137       332   0.10%   6               18                66.67%     4593    281   9106    346860    79.0s
      4944     198       603   0.11%   6               18                66.67%     2630    301   8669    379909    87.2s
      5272     233       747   0.16%   6               18                66.67%     4851    344   9229    406282    92.2s
      5552     263       872   0.21%   6               18                66.67%     5216    331   9183    437218   100.0s

Restarting search from the root node
Model after restart has 118 rows, 340 cols (224 bin., 116 int., 0 impl., 0 cont., 0 dom.fix.), and 1188 nonzeros

      6046       0         0   0.00%   6               18                66.67%      316      0      0    468650   105.0s
      6046       0         0   0.00%   6               18                66.67%      316     34      3    468730   105.0s
      6815     103       327   0.20%   6               18                66.67%     3640    312   7049    490761   110.0s
      7883     213       804   0.25%   6               18                66.67%     3782    294   9725    514765   115.3s
      8313     259       998   0.44%   6               18                66.67%     7392    366   8816    531578   120.3s
      8668     294      1157   1.12%   6               18                66.67%     5821    361   9571    557503   125.6s
      9178     342      1384   1.14%   6               18                66.67%     2210    339   9894    587180   130.6s
      9376     364      1474   1.14%   6               18                66.67%     2520    325   9880    612138   137.9s
      9543     377      1548   1.16%   6               18                66.67%     2600    268   8984    625251   142.9s
      9782     410      1652   1.18%   6               18                66.67%     2605    271   9987    643171   150.6s

Restarting search from the root node
Model after restart has 118 rows, 340 cols (224 bin., 116 int., 0 impl., 0 cont., 0 dom.fix.), and 1188 nonzeros

      9876       0         0   0.00%   6               18                66.67%      259      0      0    645507   151.0s
      9876       0         0   0.00%   6               18                66.67%      259     11      3    645527   151.0s
     11223     138       592   3.53%   6               18                66.67%     2239    229   9316    662499   156.0s
     12140     219      1004   3.62%   6               18                66.67%     2210    314   9109    681366   161.2s
     13109     318      1434   3.70%   6               18                66.67%     1425    185   8084    700036   166.2s

        Nodes      |    B&B Tree     |            Objective Bounds              |  Dynamic Constraints |       Work      
Src  Proc. InQueue |  Leaves   Expl. | BestBound       BestSol              Gap |   Cuts   InLp Confl. | LpIters     Time

     13833     410      1750   3.72%   6               18                66.67%     1462    223   8760    723836   171.3s
     15243     537      2383   3.79%   6               18                66.67%     1529    193   8853    747725   176.3s
 T   15846     502      2655   3.80%   6               16                62.50%     2223    237   7987    759104   178.7s
     17358     588      3360   4.33%   6               16                62.50%     1668    208   9520    783284   183.7s
     18311     643      3803   4.92%   6               16                62.50%     4445    270   9327    803451   188.7s
     19661     719      4429   4.98%   6               16                62.50%     1488    160   9270    827435   193.8s
     20304     751      4728   5.02%   6.192092829     16                61.30%     2622    259   9877    842760   198.8s
     21026     810      5054   5.02%   6.192092829     16                61.30%     4322    217   9220    872579   203.8s
     21723     851      5380   5.14%   6.25            16                60.94%     3754    364   8995    903520   209.0s
     22344     894      5662   5.26%   6.264314158     16                60.85%     3568    250   9101    929532   214.0s
     23056     927      5995   5.27%   6.333333333     16                60.42%     1226    217   8783    951357   219.0s
     23932     988      6388   5.43%   6.545578705     16                59.09%     3172    189   9803    974082   224.2s
     25606    1084      7150   5.56%   6.545578705     16                59.09%     2199    244   9530     1001k   229.2s
     26294    1110      7476   5.57%   6.568105006     16                58.95%     1585    244   9991     1028k   234.3s
     27228    1158      7907   8.03%   6.571428571     16                58.93%     2837    241   9897     1055k   239.3s
     27857    1186      8205   9.38%   6.590673575     16                58.81%     4563    400   8957     1080k   244.7s
     28482    1214      8500  10.74%   6.590673575     16                58.81%     6525    380   8567     1110k   250.0s
     29137    1243      8812  11.35%   6.75            16                57.81%     3707    299   9970     1140k   255.0s
     29760    1260      9110  14.28%   6.75            16                57.81%     2825    339   9856     1172k   260.1s
     30557    1303      9482  14.88%   6.973333333     16                56.42%     3368    286   9223     1205k   265.1s

        Nodes      |    B&B Tree     |            Objective Bounds              |  Dynamic Constraints |       Work      
Src  Proc. InQueue |  Leaves   Expl. | BestBound       BestSol              Gap |   Cuts   InLp Confl. | LpIters     Time

     31794    1354     10062  15.22%   7               16                56.25%     4396    280   8683     1230k   270.2s
     32743    1385     10514  15.55%   7               16                56.25%     5275    340   9572     1257k   275.2s
     33687    1418     10964  17.52%   7               16                56.25%     3157    252   9103     1286k   280.2s
     34482    1452     11339  17.88%   7               16                56.25%     5631    283   9278     1308k   285.3s
     35247    1487     11701  18.02%   7               16                56.25%     2962    274   8645     1340k   290.3s
     36038    1517     12078  18.65%   7               16                56.25%     3566    338   9360     1375k   295.5s
     36887    1547     12490  20.90%   7.25            16                54.69%     4414    214   9838     1403k   300.5s
     37819    1578     12934  24.10%   7.569117007     16                52.69%     3590    318   9330     1430k   305.5s
     38738    1613     13371  24.12%   7.615384615     16                52.40%     2577    147   8555     1454k   310.6s
     39599    1646     13781  25.47%   7.818181818     16                51.14%     6393    363   9987     1479k   315.6s
     40716    1695     14308  25.86%   7.833333333     16                51.04%     3058    216   8728     1506k   320.7s
     41260    1710     14568  26.03%   7.833333333     16                51.04%     5046    330   8253     1529k   325.7s
     41909    1729     14876  26.15%   7.833333333     16                51.04%     3959    338   9789     1557k   330.8s
     42567    1758     15192  26.29%   7.857142857     16                50.89%     5771    317   8418     1586k   335.8s
     43501    1798     15633  26.39%   7.875           16                50.78%     4740    144   9433     1612k   340.8s
     44907    1859     16290  27.24%   8               16                50.00%     2655    192   8554     1640k   345.8s
     46501    1926     17039  27.57%   8               16                50.00%     3434    145   9106     1667k   350.8s
     47735    1977     17625  29.15%   8               16                50.00%     1751    286   9110     1697k   355.8s
     49450    2067     18426  30.38%   8               16                50.00%     1302    139   9517     1727k   360.8s
     50926    2124     19131  30.53%   8.097010083     16                49.39%     2704    212   9535     1750k   365.8s

        Nodes      |    B&B Tree     |            Objective Bounds              |  Dynamic Constraints |       Work      
Src  Proc. InQueue |  Leaves   Expl. | BestBound       BestSol              Gap |   Cuts   InLp Confl. | LpIters     Time

     51628    2151     19465  32.22%   8.115942029     16                49.28%     2902    290   9429     1773k   370.9s
     52888    2194     20065  32.44%   8.15            16                49.06%     3008    241   9874     1800k   375.9s
     53861    2214     20536  32.67%   8.281385281     16                48.24%     1815    242   9469     1822k   380.9s
     55025    2258     21080  32.90%   8.315557232     16                48.03%     4263    326   9906     1847k   385.9s
     55534    2271     21324  33.20%   8.315557232     16                48.03%     8577    312   7634     1873k   391.0s
     56509    2301     21791  33.22%   8.327981651     16                47.95%     3684    251   8923     1899k   396.0s
     57351    2340     22187  33.23%   8.410138249     16                47.44%     2838    252   9926     1918k   401.0s
     58195    2367     22591  33.39%   8.466666667     16                47.08%     4292    298   9226     1941k   406.1s
     59389    2411     23161  34.18%   8.5             16                46.88%     2950    300   8687     1979k   411.1s
     60536    2428     23719  34.56%   8.5             16                46.88%     2001    208   8840     2008k   416.1s
     62099    2481     24460  34.59%   8.583850932     16                46.35%     1558    166   9831     2039k   421.1s
     63653    2541     25197  34.64%   8.640776699     16                46.00%     3010    256   9375     2075k   426.2s
     65287    2604     25972  34.72%   8.666666667     16                45.83%     1752    225   8479     2115k   431.3s
     66583    2637     26597  35.15%   8.684210526     16                45.72%     1388    176   8995     2148k   436.3s
     68327    2686     27421  35.43%   8.716122651     16                45.52%     2104    240   9717     2183k   441.5s
     69900    2718     28170  35.72%   8.837311598     16                44.77%     1640    113   9366     2218k   446.5s
     71507    2773     28928  35.90%   8.837311598     16                44.77%     2681     69   9191     2251k   451.5s
     73038    2799     29659  35.99%   8.998002996     16                43.76%     2310     88   9697     2282k   456.5s
     73823    2811     30038  36.33%   9               16                43.75%     3851    240   9632     2310k   461.5s
     75003    2830     30613  36.64%   9               16                43.75%     1998    222   8681     2340k   466.6s

        Nodes      |    B&B Tree     |            Objective Bounds              |  Dynamic Constraints |       Work      
Src  Proc. InQueue |  Leaves   Expl. | BestBound       BestSol              Gap |   Cuts   InLp Confl. | LpIters     Time

     76372    2867     31267  36.95%   9               16                43.75%     1628    156   9890     2374k   471.6s
     77845    2890     31973  37.03%   9               16                43.75%     2544    264   9283     2408k   476.6s
     79248    2896     32657  37.14%   9               16                43.75%     1867    128   9779     2440k   481.6s
     80999    2931     33488  38.68%   9.020630399     16                43.62%     2576    227   9427     2471k   486.6s
     82105    2952     34024  38.86%   9.024           16                43.60%     2841    284   9932     2501k   491.7s
     83982    3003     34925  39.50%   9.081476866     16                43.24%     2424    177   8915     2533k   496.7s
     85879    3053     35828  39.80%   9.085714286     16                43.21%     2867    300   9839     2565k   501.7s
     87229    3099     36470  39.84%   9.09163123      16                43.18%     2365    286   9708     2597k   506.7s
     87834    3115     36759  40.28%   9.161471902     16                42.74%     2688    145   9891     2628k   511.7s
     89157    3158     37394  40.43%   9.223153441     16                42.36%     2034    283   9424     2671k   517.0s
     90956    3232     38248  41.16%   9.266537503     16                42.08%     1118    118   8338     2703k   522.0s
     93082    3307     39251  41.82%   9.324324324     16                41.72%     5900    342   9309     2740k   527.3s
     94404    3317     39897  41.98%   9.333333333     16                41.67%     2139    172   9803     2772k   532.3s
     95771    3380     40542  42.23%   9.333333333     16                41.67%     2953    226   9174     2812k   537.3s
     96982    3426     41114  43.86%   9.373176471     16                41.42%     2234    189   9375     2847k   542.3s
     97896    3431     41559  44.05%   9.428571429     16                41.07%     3506    213   9812     2872k   547.3s
     98923    3437     42066  44.27%   9.45785877      16                40.89%     1855    127   9507     2906k   552.4s
    100934    3485     43034  44.41%   9.5             16                40.63%     2059    157   9404     2940k   557.4s
    102735    3526     43900  44.54%   9.5             16                40.62%     2452    175   9160     2976k   562.4s
    104298    3556     44662  44.69%   9.5             16                40.62%     2048    165   9564     3010k   567.4s

        Nodes      |    B&B Tree     |            Objective Bounds              |  Dynamic Constraints |       Work      
Src  Proc. InQueue |  Leaves   Expl. | BestBound       BestSol              Gap |   Cuts   InLp Confl. | LpIters     Time

    105250    3577     45120  44.77%   9.514018692     16                40.54%     1959    141   9684     3103k   583.8s
    107047    3639     45978  44.96%   9.583333333     16                40.10%     1512    201   8911     3140k   588.8s
    108339    3672     46594  45.08%   9.664762335     16                39.60%     3758    108   9700     3173k   593.8s
    109713    3710     47252  45.32%   9.666666667     16                39.58%     2308    192   9918     3211k   598.8s
    111632    3752     48181  45.38%   9.666666667     16                39.58%     1218    148   8868     3253k   603.8s
    113547    3814     49100  45.41%   9.734525447     16                39.16%     2618    172   9409     3292k   608.8s
    115766    3876     50164  45.55%   9.75            16                39.06%     1417    123   9487     3329k   613.8s
    117287    3912     50897  45.66%   9.793103448     16                38.79%     3006    255   9468     3369k   618.8s
    119082    3951     51764  45.88%   9.8             16                38.75%     1990     97   9492     3407k   623.9s
    120317    3992     52356  45.89%   9.811764706     16                38.68%     3082    334   9757     3447k   628.9s
    121853    4049     53089  45.94%   9.811764706     16                38.68%     2401    189   8979     3488k   633.9s
    123204    4082     53738  46.01%   9.833333333     16                38.54%     2682    211   9808     3528k   638.9s
    124662    4120     54436  46.62%   9.880554228     16                38.25%     2709    145   9469     3564k   643.9s
    126183    4163     55165  46.81%   9.895348837     16                38.15%     2652    251   9465     3602k   648.9s
    127900    4205     55992  47.04%   9.915254237     16                38.03%     2477    250   9112     3644k   653.9s
    129433    4238     56735  47.06%   9.932498526     16                37.92%     1987    200   9913     3686k   658.9s
    130840    4274     57413  47.17%   9.934027778     16                37.91%     3085    269   9236     3724k   664.0s
    132086    4297     58017  47.25%   9.943863913     16                37.85%     1706    120   9562     3755k   669.0s
    133418    4338     58654  47.49%   9.963103122     16                37.73%     2250    239   9047     3790k   674.0s
    134700    4350     59274  47.58%   9.971997098     16                37.68%     3129    219   9493     3827k   679.1s

        Nodes      |    B&B Tree     |            Objective Bounds              |  Dynamic Constraints |       Work      
Src  Proc. InQueue |  Leaves   Expl. | BestBound       BestSol              Gap |   Cuts   InLp Confl. | LpIters     Time

    136185    4378     59998  48.46%   9.998601887     16                37.51%     1913    173   9929     3859k   684.1s
    137880    4394     60823  48.89%   10              16                37.50%     1226     84   9480     3892k   689.1s
    139839    4438     61755  49.19%   10              16                37.50%     1420     73   9731     3930k   694.1s
    142210    4514     62876  49.43%   10              16                37.50%     2036    183   9072     3969k   699.1s
    143800    4542     63644  49.63%   10              16                37.50%     1911    239   9099     4009k   704.1s
    145481    4567     64456  50.04%   10              16                37.50%     2062    174   9474     4043k   709.1s
    146716    4587     65049  50.12%   10              16                37.50%     1272     60   8411     4077k   714.1s
    148152    4582     65751  50.28%   10              16                37.50%     1735     94   9568     4110k   719.1s
    149838    4613     66560  50.29%   10              16                37.50%     1939    157   9753     4145k   724.1s
    151683    4612     67460  50.40%   10              16                37.50%     1649    144   9895     4180k   729.1s
    153232    4620     68212  50.51%   10              16                37.50%     2757    292   9879     4213k   734.4s
    154178    4624     68671  50.51%   10.018595       16                37.38%     1266     66   9247     4240k   739.4s
    155541    4642     69329  50.62%   10.02459223     16                37.35%     2028    107   9960     4275k   744.4s
    157218    4657     70137  50.89%   10.07452112     16                37.03%     1593    172   9860     4309k   749.4s
    158627    4663     70821  51.21%   10.10810811     16                36.82%     2340     91   9606     4339k   754.4s
    160183    4667     71575  51.40%   10.14859927     16                36.57%     1398     84   9940     4371k   759.4s
    161979    4673     72451  51.61%   10.15789474     16                36.51%     1998    125   9982     4401k   764.4s
    162757    4680     72830  51.81%   10.16308253     16                36.48%     1906    101   9684     4429k   769.4s
    164444    4688     73649  52.42%   10.18220105     16                36.36%     3046    200   9829     4462k   774.6s
    165757    4685     74294  52.51%   10.18518519     16                36.34%     1753    137   9970     4496k   779.6s

        Nodes      |    B&B Tree     |            Objective Bounds              |  Dynamic Constraints |       Work      
Src  Proc. InQueue |  Leaves   Expl. | BestBound       BestSol              Gap |   Cuts   InLp Confl. | LpIters     Time

    167175    4694     74981  52.72%   10.19230769     16                36.30%     2362    169   9319     4529k   784.6s
    168624    4697     75682  52.77%   10.2213789      16                36.12%     1473    132   9632     4563k   789.6s
    169996    4690     76356  52.81%   10.24048443     16                36.00%     1083    156   9787     4598k   794.6s
    170266    4691     76481  52.88%   10.24288471     16                35.98%      935     70   9540     4631k   801.5s
    171833    4689     77247  53.42%   10.25           16                35.94%     1218    124   9892     4667k   806.5s
    173107    4667     77873  53.58%   10.25349981     16                35.92%     1720    160   9585     4698k   811.5s
    174707    4659     78660  53.82%   10.28571429     16                35.71%     1801    128   9943     4730k   816.5s
    177062    4649     79809  53.85%   10.3            16                35.63%     1029     73   8423     4766k   821.5s
    179042    4645     80779  53.86%   10.30769231     16                35.58%     2181    166   9880     4802k   826.5s
    180516    4645     81501  54.30%   10.32841328     16                35.45%     1638     75   8958     4832k   831.5s
    182068    4637     82264  54.47%   10.33333333     16                35.42%     1922    109   9235     4867k   836.5s
    183540    4605     82998  55.71%   10.33333333     16                35.42%     2646    172   9689     4898k   841.5s
    185571    4608     83989  55.86%   10.33333333     16                35.42%     1531     66   8900     4934k   846.6s
    186584    4623     84481  56.18%   10.33333333     16                35.42%     1782    154   9518     4961k   851.7s
    187819    4605     85089  57.17%   10.34615385     16                35.34%     1263    155   9925     4992k   856.7s
    189131    4600     85729  57.40%   10.35714286     16                35.27%     2759    163   9670     5027k   861.7s
    190233    4588     86272  57.58%   10.375          16                35.16%     1483    169   9412     5082k   872.6s
    191555    4580     86925  57.69%   10.38577586     16                35.09%     3293    207   9189     5113k   877.7s
    192731    4577     87500  57.84%   10.4            16                35.00%     2127    231   9438     5146k   882.7s
    194073    4562     88159  57.99%   10.42105263     16                34.87%     2617    172   9752     5177k   887.7s

        Nodes      |    B&B Tree     |            Objective Bounds              |  Dynamic Constraints |       Work      
Src  Proc. InQueue |  Leaves   Expl. | BestBound       BestSol              Gap |   Cuts   InLp Confl. | LpIters     Time

    195208    4556     88719  58.03%   10.43478261     16                34.78%     2015    163   9301     5210k   892.8s
    196881    4564     89531  58.39%   10.45           16                34.69%     1707    166   9591     5243k   897.9s
    197591    4552     89885  58.84%   10.45724907     16                34.64%     1860    193   9972     5276k   902.9s
    198395    4535     90287  58.95%   10.46296296     16                34.61%     2032    190   9721     5302k   907.9s
    199799    4520     90979  58.97%   10.5            16                34.38%     2253    236   8904     5335k   912.9s
    200672    4496     91418  59.04%   10.5            16                34.38%     3368    204   9760     5362k   918.0s
    201831    4479     91996  59.22%   10.5            16                34.38%     2356    126   9569     5389k   923.0s
    202738    4479     92441  59.25%   10.5            16                34.37%     2286    226   9108     5412k   928.0s
    203926    4486     93019  59.37%   10.5            16                34.37%     2218    220   9132     5446k   933.0s
    204819    4466     93470  60.15%   10.50408573     16                34.35%     2440    206   9981     5471k   938.0s
    206104    4485     94085  60.35%   10.51533742     16                34.28%     3007    219   8398     5504k   943.1s
    207105    4479     94578  60.58%   10.53225806     16                34.17%     4672    230   9910     5535k   949.9s
    207726    4446     94896  60.74%   10.54166667     16                34.11%     2591    209   9838     5558k   955.0s
    208450    4426     95260  61.13%   10.56           16                34.00%     1923    250   9689     5584k   960.0s
    209593    4425     95817  61.49%   10.56611135     16                33.96%     2145    203   9663     5613k   965.0s
    210250    4416     96146  61.56%   10.58139535     16                33.87%     1467    294   9409     5639k   970.2s
    210978    4403     96513  61.92%   10.58508475     16                33.84%     3677    203   8570     5676k   975.2s
    211761    4385     96909  62.06%   10.60068953     16                33.75%     4799    295   8343     5705k   980.5s
    212331    4388     97195  62.22%   10.62294742     16                33.61%     3650    240   9635     5742k   987.5s
    213233    4388     97639  62.35%   10.625          16                33.59%     3228    285   9438     5774k   992.5s

        Nodes      |    B&B Tree     |            Objective Bounds              |  Dynamic Constraints |       Work      
Src  Proc. InQueue |  Leaves   Expl. | BestBound       BestSol              Gap |   Cuts   InLp Confl. | LpIters     Time

    214055    4379     98049  63.71%   10.63414634     16                33.54%     3675    340   9912     5800k   997.5s
    215017    4361     98529  63.88%   10.64285714     16                33.48%     4576    220   9442     5830k  1002.6s
    216137    4340     99087  63.97%   10.65957447     16                33.38%     1838    229   9923     5861k  1007.7s
    217204    4316     99622  64.04%   10.66666667     16                33.33%     1448    126   9828     5891k  1012.7s
    218265    4289    100158  64.13%   10.66666667     16                33.33%     2959    198   9870     5924k  1017.9s
    219573    4267    100812  64.33%   10.68           16                33.25%     2859    251   9663     5956k  1023.1s
    219689    4264    100873  64.33%   10.68296179     16                33.23%     2943    134   8860     6232k  1090.1s
    220412    4261    101231  64.45%   10.69215006     16                33.17%     3735    283   9369     6259k  1095.1s
    221209    4251    101628  64.52%   10.71080782     16                33.06%     3117    278   9420     6292k  1100.3s
    222117    4236    102083  65.57%   10.72020725     16                33.00%     4502    233   9297     6322k  1105.3s
    222450    4209    102259  66.31%   10.736          16                32.90%     3145    195   9474     6342k  1110.3s
    223079    4184    102582  66.39%   10.75           16                32.81%     1141    137   9408     6371k  1115.4s
    224470    4165    103274  66.99%   10.75700935     16                32.77%     2014    157   9208     6399k  1120.4s
    225531    4128    103812  67.19%   10.78275401     16                32.61%     2547    264   8668     6428k  1125.4s
    226553    4125    104317  67.26%   10.8            16                32.50%     2130    193   9862     6461k  1130.4s
    227178    4099    104632  67.95%   10.81034483     16                32.44%     2390    168   9567     6489k  1135.5s
    228001    4070    105052  68.85%   10.82904771     16                32.32%     4992    292   8767     6516k  1140.5s
    228801    4026    105461  69.30%   10.84473684     16                32.22%     1811    189   9706     6542k  1145.5s
    229884    4003    106004  69.55%   10.85714286     16                32.14%     2189    174   8970     6573k  1150.6s
    230834    3994    106476  70.55%   10.87037037     16                32.06%     2649    277   9791     6604k  1155.6s

        Nodes      |    B&B Tree     |            Objective Bounds              |  Dynamic Constraints |       Work      
Src  Proc. InQueue |  Leaves   Expl. | BestBound       BestSol              Gap |   Cuts   InLp Confl. | LpIters     Time

    231769    3980    106942  71.13%   10.89655172     16                31.90%     5135    161   9600     6630k  1160.6s
    233102    3967    107593  71.24%   10.90590591     16                31.84%     2145    198   9920     6660k  1165.6s
    233692    3940    107896  71.71%   10.90990991     16                31.81%     3146    237   9224     6688k  1170.6s
    234292    3907    108207  71.95%   10.91860465     16                31.76%     2508    187   9828     6712k  1175.6s
    235241    3885    108689  72.03%   10.93625498     16                31.65%     3317    263   8860     6742k  1180.7s
    235982    3858    109064  72.15%   10.95505035     16                31.53%     3013    192   9280     6770k  1185.8s
    237003    3859    109564  72.21%   10.96118691     16                31.49%     1764    183   9873     6810k  1190.8s
    238298    3861    110200  72.25%   10.97086147     16                31.43%     2627    168   9677     6845k  1195.8s
    239276    3842    110692  72.86%   10.9787234      16                31.38%     2956    226   9877     6878k  1200.9s
    240485    3843    111288  72.91%   10.98905109     16                31.32%     3269    212   9730     6914k  1206.1s
    241550    3838    111813  73.02%   10.99976261     16                31.25%     2019    297   9377     6954k  1211.1s
    242411    3807    112252  73.76%   11              16                31.25%     2986    136   9674     6980k  1216.1s
    243532    3785    112812  73.90%   11              16                31.25%     2861    221   9612     7013k  1221.1s
    244356    3757    113232  74.00%   11              16                31.25%     3633    344   9623     7041k  1226.1s
    245615    3757    113851  74.01%   11              16                31.25%     2114    160   9681     7073k  1231.1s
    246235    3753    114159  74.23%   11              16                31.25%     3510    184   9713     7089k  1236.2s
    246677    3752    114377  74.57%   11              16                31.25%     3246    235   9326     7100k  1241.2s
    247022    3743    114553  75.57%   11              16                31.25%     3089    249   9840     7119k  1246.2s
    247162    3714    114638  75.75%   11.01265823     16                31.17%     4628    316   9274     7131k  1251.3s
    247858    3698    114989  75.76%   11.02226666     16                31.11%     2501    176   9696     7155k  1256.3s

        Nodes      |    B&B Tree     |            Objective Bounds              |  Dynamic Constraints |       Work      
Src  Proc. InQueue |  Leaves   Expl. | BestBound       BestSol              Gap |   Cuts   InLp Confl. | LpIters     Time

    248506    3688    115311  75.88%   11.02702703     16                31.08%     2517    288   9538     7183k  1261.3s
    249218    3676    115668  75.92%   11.03030303     16                31.06%     2967    266   9703     7216k  1266.4s
    249875    3676    115991  75.93%   11.0398827      16                31.00%     2264    225   8984     7244k  1271.4s
    250725    3653    116418  76.04%   11.04761905     16                30.95%     2392    252   8923     7273k  1276.4s
    251504    3650    116803  76.06%   11.06382979     16                30.85%     1794    213   9441     7305k  1281.4s
    251851    3622    116987  76.13%   11.08108108     16                30.74%     1957    162   9722     7320k  1286.5s
    253053    3617    117581  76.23%   11.08695652     16                30.71%     2488    244   9925     7349k  1291.5s
    254053    3596    118082  76.33%   11.09910264     16                30.63%     2654    211   9448     7378k  1296.5s
    255162    3564    118640  76.40%   11.10913405     16                30.57%     2212    204   9809     7407k  1301.6s
    256060    3554    119086  76.45%   11.11485488     16                30.53%     2601    206   9598     7436k  1306.6s
    257094    3541    119596  76.66%   11.15060241     16                30.31%     1639    128   9632     7468k  1311.6s
    257928    3516    120020  76.98%   11.16917923     16                30.19%     2346    198   9685     7498k  1316.7s
    258902    3507    120505  77.19%   11.17369971     16                30.16%     2474    221   9355     7527k  1321.7s
    260127    3497    121111  77.21%   11.18671818     16                30.08%     1961    151   9407     7551k  1326.7s
    260820    3498    121451  77.23%   11.2            16                30.00%     2501    109   8681     7580k  1331.7s
    261955    3504    122012  77.66%   11.2            16                30.00%     2044    154   9327     7611k  1336.7s
    262929    3505    122487  77.76%   11.21131805     16                29.93%     3501    248   9256     7642k  1341.7s
    263812    3479    122934  77.83%   11.23062016     16                29.81%     2812    296   9767     7674k  1346.8s
    264539    3460    123301  77.96%   11.23484848     16                29.78%     2227    199   8690     7703k  1351.8s
    265052    3412    123578  78.30%   11.24734247     16                29.70%     2729    190   9793     7729k  1356.8s

        Nodes      |    B&B Tree     |            Objective Bounds              |  Dynamic Constraints |       Work      
Src  Proc. InQueue |  Leaves   Expl. | BestBound       BestSol              Gap |   Cuts   InLp Confl. | LpIters     Time

    266308    3423    124192  78.32%   11.25           16                29.69%     1679    119   9922     7771k  1361.8s
    267388    3409    124730  78.32%   11.25481799     16                29.66%     3327    163   9908     7805k  1366.9s
    268082    3374    125087  78.41%   11.26666667     16                29.58%     1934    216   9354     7831k  1372.0s
    268852    3375    125462  78.53%   11.2707483      16                29.56%     3631    179   9941     7853k  1377.0s
    269931    3373    125994  78.79%   11.28571429     16                29.46%     2513    172   8708     7886k  1382.0s
    270580    3338    126330  79.16%   11.29032258     16                29.44%     2833    266   9969     7915k  1387.1s
    271410    3301    126755  79.44%   11.30362117     16                29.35%     3170    182   9550     7944k  1392.2s
    272147    3263    127140  79.67%   11.31543228     16                29.28%     2339    177   9596     7971k  1397.2s
    273144    3250    127642  79.70%   11.33298416     16                29.17%     2715    249   8875     8004k  1402.4s
    273920    3232    128030  79.73%   11.33333333     16                29.17%     1924    189   9216     8025k  1407.4s
    274885    3212    128515  79.97%   11.33594966     16                29.15%     2986    165   9681     8051k  1412.4s
    275824    3193    128986  80.02%   11.35294118     16                29.04%     1498    109   9985     8078k  1417.4s
    276664    3184    129400  80.05%   11.36423841     16                28.97%     3043    183   9782     8110k  1422.5s
    277472    3167    129811  80.06%   11.37231579     16                28.92%     1744    189   9291     8138k  1427.7s
    278196    3152    130174  80.17%   11.38722608     16                28.83%     2753    222   9859     8169k  1432.7s
    278864    3124    130519  80.66%   11.39894165     16                28.76%     3152    256   9275     8198k  1437.7s
    280145    3102    131160  81.46%   11.40424738     16                28.72%     2101    147   9366     8226k  1442.8s
    281240    3071    131710  81.79%   11.43159195     16                28.55%     3407    245   9766     8255k  1447.9s
    281800    3053    131992  81.99%   11.44186047     16                28.49%     2348    310   9998     8287k  1453.0s
    282610    3045    132397  82.14%   11.4516129      16                28.43%     2784    209   9117     8321k  1458.0s

        Nodes      |    B&B Tree     |            Objective Bounds              |  Dynamic Constraints |       Work      
Src  Proc. InQueue |  Leaves   Expl. | BestBound       BestSol              Gap |   Cuts   InLp Confl. | LpIters     Time

    283375    3026    132787  82.18%   11.45884339     16                28.38%     2153    205   9055     8348k  1463.0s
    284636    3020    133410  82.51%   11.47766323     16                28.26%     1992    176   8426     8382k  1468.0s
    285480    3016    133831  82.57%   11.4893617      16                28.19%     2919    274   8701     8412k  1473.0s
    286213    3009    134193  82.64%   11.49711625     16                28.14%     2217    146   8163     8443k  1478.0s
    286658    2974    134424  83.20%   11.5            16                28.13%     1724    243   9726     8462k  1483.1s
    287141    2918    134690  83.31%   11.5            16                28.12%     2132    203   9979     8485k  1488.2s
    287794    2887    135030  83.35%   11.5235748      16                27.98%     2046    246  10021     8514k  1493.2s
    288409    2869    135341  83.66%   11.5282029      16                27.95%     3607    151   9772     8538k  1498.2s
    289562    2880    135899  83.90%   11.53571429     16                27.90%     1041    166   9755     8571k  1503.2s
    290345    2856    136294  84.06%   11.55161561     16                27.80%     1843    207   9553     8600k  1508.3s
    290944    2823    136606  84.33%   11.55813953     16                27.76%     2414    183   9480     8625k  1513.3s
    291617    2795    136955  84.81%   11.56666667     16                27.71%     2140    150   9356     8656k  1518.3s
    292775    2775    137533  84.93%   11.57438795     16                27.66%     2157    156   9313     8687k  1523.3s
    293672    2745    137989  85.31%   11.58474576     16                27.60%     2644    166   8859     8711k  1528.3s
    294411    2723    138365  85.42%   11.59542171     16                27.53%     1985    266   9505     8739k  1533.3s
    295137    2713    138727  85.43%   11.6            16                27.50%     2223    280   9439     8762k  1538.4s
    296117    2699    139219  85.46%   11.60465116     16                27.47%     2548    220   9746     8791k  1543.4s
    296934    2688    139628  85.48%   11.61078998     16                27.43%     2026    226   9824     8822k  1548.4s
    297332    2665    139834  85.52%   11.61891346     16                27.38%     2095    222   9125     8846k  1553.4s
    297928    2650    140137  85.66%   11.63128119     16                27.30%     4217    334   9722     8867k  1558.5s

        Nodes      |    B&B Tree     |            Objective Bounds              |  Dynamic Constraints |       Work      
Src  Proc. InQueue |  Leaves   Expl. | BestBound       BestSol              Gap |   Cuts   InLp Confl. | LpIters     Time

    298230    2636    140292  85.69%   11.63636364     16                27.27%     2134    261   9402     8884k  1563.5s
    298694    2606    140532  85.87%   11.64544951     16                27.22%     2714    135   8847     8903k  1568.6s
    299122    2583    140757  85.97%   11.65734266     16                27.14%     2846    302   9920     8922k  1573.6s
    299791    2570    141090  86.03%   11.66303331     16                27.11%     2497    240   8969     8943k  1578.6s
    300289    2540    141350  86.10%   11.66666667     16                27.08%     2330    324   9693     8968k  1583.8s
    301078    2538    141739  86.23%   11.66666667     16                27.08%     1810    257   9733     8991k  1589.2s
    301785    2520    142092  86.38%   11.67252762     16                27.05%     3257    227   9536     9015k  1594.2s
    302739    2519    142561  86.50%   11.68817204     16                26.95%     1567    195   9718     9045k  1599.2s
    303623    2514    142999  86.59%   11.69266055     16                26.92%     2165    155   9895     9076k  1604.2s
    304617    2522    143482  86.65%   11.7            16                26.87%     2686    266   8932     9105k  1609.2s
    305390    2502    143869  86.84%   11.71111111     16                26.81%     2037    227   9430     9128k  1614.2s
    305827    2458    144106  86.89%   11.72129703     16                26.74%     2113    165   9554     9152k  1619.2s
    306541    2443    144466  86.91%   11.72596154     16                26.71%     2003    166   8954     9178k  1624.2s
    307413    2433    144902  87.01%   11.74610631     16                26.59%     2433    201   9453     9205k  1629.2s
    308059    2416    145227  87.11%   11.75           16                26.56%     2139    204   9100     9228k  1634.4s
    309053    2402    145727  87.23%   11.75660301     16                26.52%     1866    213   9900     9256k  1639.4s
    309940    2405    146162  87.30%   11.76878834     16                26.45%     2280    159   9791     9290k  1644.4s
    310539    2390    146464  87.46%   11.77380952     16                26.41%     2493    264   9970     9316k  1649.4s
    311112    2382    146747  87.46%   11.77777778     16                26.39%     1924    178   9937     9340k  1654.4s
    311611    2351    147009  87.70%   11.79245283     16                26.30%     2675    170   9923     9365k  1659.5s

        Nodes      |    B&B Tree     |            Objective Bounds              |  Dynamic Constraints |       Work      
Src  Proc. InQueue |  Leaves   Expl. | BestBound       BestSol              Gap |   Cuts   InLp Confl. | LpIters     Time

    312302    2337    147356  87.92%   11.8            16                26.25%     2631    289   9780     9394k  1664.6s
    312738    2306    147587  87.99%   11.80808638     16                26.20%     2135    161   9684     9418k  1669.6s
    313341    2280    147895  88.24%   11.81894463     16                26.13%     2623    244   9733     9439k  1674.6s
    313876    2258    148168  88.54%   11.82724252     16                26.08%     2219    166   9900     9462k  1679.6s
    314423    2240    148441  88.64%   11.83088235     16                26.06%     2557    124   9670     9485k  1684.7s
    315336    2229    148898  88.73%   11.83829138     16                26.01%     2389    164   9958     9508k  1689.7s
    316214    2243    149325  88.75%   11.83829138     16                26.01%     2033    134   9278     9528k  1694.7s
    316724    2227    149580  88.78%   11.84741784     16                25.95%     3425    202   9238     9545k  1699.7s
    317198    2203    149827  88.85%   11.85714286     16                25.89%     2610    287   8606     9567k  1704.8s
    317962    2190    150206  88.89%   11.87254793     16                25.80%     3209    305   9949     9586k  1709.8s
    318562    2201    150500  88.91%   11.875          16                25.78%     1479    180   9728     9605k  1714.9s
    318756    2178    150605  88.93%   11.87671233     16                25.77%     2292    277   8760     9615k  1719.9s
    319387    2191    150911  89.15%   11.87972527     16                25.75%     3441    198   9146     9632k  1724.9s
    319664    2167    151061  89.20%   11.89230769     16                25.67%     2720    256   9791     9648k  1729.9s
    320059    2141    151270  89.45%   11.90781563     16                25.58%     3245    264   9256     9666k  1734.9s
    320320    2113    151412  89.63%   11.91340889     16                25.54%     2624    186   9904     9684k  1740.0s
    320951    2111    151722  89.63%   11.91428571     16                25.54%     4054    259   9886     9705k  1745.0s
    321344    2079    151928  89.66%   11.92198582     16                25.49%     1990    250   9840     9725k  1750.0s
    321731    2052    152133  90.06%   11.93118413     16                25.43%     2819    233   8841     9746k  1755.0s
    322398    2040    152466  90.32%   11.94285714     16                25.36%     2037    111   9691     9766k  1760.0s

        Nodes      |    B&B Tree     |            Objective Bounds              |  Dynamic Constraints |       Work      
Src  Proc. InQueue |  Leaves   Expl. | BestBound       BestSol              Gap |   Cuts   InLp Confl. | LpIters     Time

    323342    2035    152934  90.66%   11.95331636     16                25.29%     2322    241   9336     9791k  1765.0s
    324089    2037    153301  90.68%   11.95530726     16                25.28%     2310    198   8867     9816k  1770.0s
    324788    2019    153650  90.75%   11.96150737     16                25.24%     2551    167   9582     9839k  1775.0s
    325444    2009    153977  90.76%   11.96435864     16                25.22%     3222    209   9024     9862k  1780.1s
    325693    1979    154114  90.85%   11.97391304     16                25.16%     2297    243   9560     9882k  1785.2s
    326157    1958    154354  91.04%   11.97883451     16                25.13%     2745    227   8602     9903k  1790.3s
    326600    1929    154587  91.14%   11.98237762     16                25.11%     2617    258   9727     9925k  1795.4s
    327344    1926    154956  91.18%   11.99691853     16                25.02%     2267    162   9004     9949k  1800.4s
    328014    1901    155297  91.22%   12              16                25.00%     2614    198   9305     9969k  1805.4s
    328671    1894    155625  91.33%   12              16                25.00%     2816    167  10002     9988k  1810.4s
    329079    1869    155839  91.55%   12              16                25.00%     2109    229   9836    10008k  1815.4s
    329446    1851    156026  91.59%   12              16                25.00%     2293    233   9856    10026k  1820.4s
    329847    1828    156235  91.62%   12              16                25.00%     1759    253   9797    10044k  1825.5s
    330102    1814    156368  91.62%   12              16                25.00%     1886    229   9085    10056k  1830.8s
    330779    1823    156694  91.66%   12              16                25.00%     2561    202   9753    10077k  1835.8s
    331221    1806    156924  91.70%   12              16                25.00%     2185    230   9954    10096k  1840.8s
    331624    1773    157139  91.79%   12              16                25.00%     2754    263   9701    10113k  1845.8s
    331937    1741    157309  92.77%   12.02510439     16                24.84%     2052    153   9740    10131k  1850.9s
    332159    1718    157428  92.78%   12.02777778     16                24.83%     1725    204   9629    10145k  1855.9s
    332418    1691    157570  92.80%   12.04854369     16                24.70%     1941    256   9466    10163k  1861.0s

        Nodes      |    B&B Tree     |            Objective Bounds              |  Dynamic Constraints |       Work      
Src  Proc. InQueue |  Leaves   Expl. | BestBound       BestSol              Gap |   Cuts   InLp Confl. | LpIters     Time

    332725    1664    157736  92.85%   12.07232704     16                24.55%     1709    171   9935    10177k  1866.0s
    332932    1651    157845  92.88%   12.08333333     16                24.48%     2291    254   9880    10190k  1871.1s
    333383    1625    158079  92.98%   12.08958039     16                24.44%     2722    212   9181    10207k  1876.1s
    333598    1599    158198  93.00%   12.09552935     16                24.40%     2156    214   9945    10221k  1881.1s
    333924    1562    158377  93.24%   12.10811014     16                24.32%     2311    247   9837    10242k  1886.1s
    334219    1520    158541  93.38%   12.12975571     16                24.19%     1936    318   9109    10264k  1891.2s
    334579    1479    158736  93.73%   12.14583333     16                24.09%     2433    228   9993    10284k  1896.4s
    334992    1444    158959  93.79%   12.17622854     16                23.90%     2873    225   9759    10306k  1901.6s
    335376    1404    159168  94.02%   12.18530351     16                23.84%     2327    209   9965    10327k  1906.7s
    335793    1373    159387  94.08%   12.19031311     16                23.81%     2845    240   9654    10349k  1911.8s
    336176    1344    159592  94.15%   12.21537002     16                23.65%     2198    200   9761    10370k  1916.8s
    336612    1316    159821  94.20%   12.23354322     16                23.54%     2484    268   9709    10395k  1921.9s
    337153    1284    160105  94.46%   12.25           16                23.44%     3271    279   9865    10414k  1927.0s
    337385    1252    160235  94.51%   12.25316456     16                23.42%     2681    252   8777    10429k  1932.1s
    337705    1218    160409  94.55%   12.26190476     16                23.36%     2194    218   9918    10452k  1937.2s
    337930    1187    160535  94.60%   12.27272727     16                23.30%     2170    188   9896    10471k  1942.2s
    338200    1147    160690  94.73%   12.27835052     16                23.26%     1942    222   9807    10493k  1947.2s
    338714    1109    160962  94.82%   12.30056208     16                23.12%     2221    245   9184    10515k  1952.3s
    339029    1062    161135  95.28%   12.33333333     16                22.92%     2757    344   9899    10536k  1957.3s
    339293    1018    161287  95.61%   12.35714286     16                22.77%     2669    234   9704    10558k  1962.3s

        Nodes      |    B&B Tree     |            Objective Bounds              |  Dynamic Constraints |       Work      
Src  Proc. InQueue |  Leaves   Expl. | BestBound       BestSol              Gap |   Cuts   InLp Confl. | LpIters     Time

    339580     970    161451  95.70%   12.38167939     16                22.61%     2580    288   9687    10578k  1967.4s
    339899     929    161628  95.84%   12.41666667     16                22.40%     2485    242   9971    10601k  1972.4s
    340358     890    161876  96.10%   12.46349206     16                22.10%     2124    233   9602    10622k  1977.5s
    340722     844    162078  96.15%   12.47867299     16                22.01%     2699    284   9087    10643k  1982.6s
    341108     808    162284  96.23%   12.5            16                21.88%     1976    247   9682    10667k  1987.7s
    341547     761    162525  96.41%   12.5            16                21.87%     2280    170   9323    10689k  1992.7s
    341885     707    162718  96.50%   12.53846154     16                21.63%     2845    157  10000    10711k  1997.7s
    342202     660    162900  96.51%   12.57894737     16                21.38%     2156    270   9111    10733k  2002.8s
    342479     613    163058  96.56%   12.59922393     16                21.25%     1813    213   9742    10754k  2007.8s
    342733     573    163204  96.71%   12.61598275     16                21.15%     1903    230   9910    10776k  2012.8s
    343100     539    163402  96.79%   12.63254185     16                21.05%     1783    224   9833    10797k  2017.8s
    343418     492    163582  96.92%   12.6744186      16                20.78%     2350    231   9539    10818k  2022.9s
    343742     460    163759  97.84%   12.69607843     16                20.65%     2642    206   9929    10835k  2027.9s
    343923     420    163868  97.86%   12.71056511     16                20.56%     2312    274   9921    10851k  2033.0s
    344102     374    163978  98.01%   12.75257732     16                20.30%     2580    223   9928    10867k  2038.1s
    344360     329    164127  98.19%   12.79072848     16                20.06%     2441    264   9659    10885k  2043.3s
    344457     283    164198  98.28%   12.82146958     16                19.87%     2747    254   9610    10902k  2048.4s
    344712     238    164346  98.70%   12.84593023     16                19.71%     2262    230   9451    10919k  2053.4s
    344934     200    164475  98.88%   12.92849325     16                19.20%     2564    349   9819    10936k  2058.4s
    345070     150    164567  98.95%   13.08635912     16                18.21%     2820    269   9995    10952k  2063.4s

        Nodes      |    B&B Tree     |            Objective Bounds              |  Dynamic Constraints |       Work      
Src  Proc. InQueue |  Leaves   Expl. | BestBound       BestSol              Gap |   Cuts   InLp Confl. | LpIters     Time

    345220     101    164666  99.74%   13.12820513     16                17.95%     2830    233   9693    10969k  2068.5s
    345309      52    164735  99.86%   13.30673317     16                16.83%     2957    227   7528    10984k  2073.6s
    345374       0    164793 100.00%   16              16                 0.00%     3630    299   6033    10998k  2078.0s

Solving report
  Status            Optimal
  Primal bound      16
  Dual bound        16
  Gap               0%
  P-D integral      770.490509519
  Solution status   feasible
                    16 (objective)
                    0 (bound viol.)
                    0 (int. viol.)
                    0 (row viol.)
  Timing            2078.04
  Max sub-MIP depth 4
  Nodes             345374
  Repair LPs        0
  LP iterations     10998847
                    197103 (strong br.)
                    1306290 (separation)
                    625119 (heuristics)

PROVEN: minimum distance is exactly 16
saved results/logs/milp_local_216_8_16.json
