[[288,12,<=16]]  l=24, m=6, A = y^3 + x + x^14, B = y + y^2 + x^3
solver log follows; 'dual bound' is the proven minimum so far, it rises over time
Running HiGHS 1.12.0 (git hash: 4f96ee8): Copyright (c) 2025 HiGHS under MIT licence terms
MIP has 158 rows; 456 cols; 1556 nonzeros; 456 integer variables (300 binary)
Coefficient ranges:
  Matrix  [1e+00, 2e+00]
  Cost    [1e+00, 1e+00]
  Bound   [1e+00, 4e+01]
  RHS     [1e+00, 1e+00]
Presolving model
158 rows, 456 cols, 1556 nonzeros  0s
158 rows, 456 cols, 1556 nonzeros  0s
Presolve reductions: rows 158(-0); columns 456(-0); nonzeros 1556(-0) - Not reduced
Objective function is integral with scale 1

Solving MIP model with:
   158 rows
   456 cols (300 binary, 156 integer, 0 implied int., 0 continuous, 0 domain fixed)
   1556 nonzeros

Src: B => Branching; C => Central rounding; F => Feasibility pump; H => Heuristic;
     I => Shifting; J => Feasibility jump; L => Sub-MIP; P => Empty MIP; R => Randomized rounding;
     S => Solve LP; T => Evaluate node; U => Unbounded; X => User solution; Y => HiGHS solution;
     Z => ZI Round; l => Trivial lower; p => Trivial point; u => Trivial upper; z => Trivial zero

        Nodes      |    B&B Tree     |            Objective Bounds              |  Dynamic Constraints |       Work      
Src  Proc. InQueue |  Leaves   Expl. | BestBound       BestSol              Gap |   Cuts   InLp Confl. | LpIters     Time

         0       0         0   0.00%   1               inf                  inf        0      0      0         0     0.0s
         0       0         0   0.00%   1               inf                  inf        0      0      4        12     0.0s
HighsMipSolverData::transformNewIntegerFeasibleSolution tmpSolver.run();
 T      97       1        14   0.00%   6               66                90.91%     2107     70   2536      4261     2.9s
       142      60        18   0.00%   6               66                90.91%     5710    273   2873     61239    11.7s
 L     303     122        80   0.00%   6               60                90.00%     8253    335   9995     74096    17.0s
       359     122        81   0.00%   6               60                90.00%     8253    335   2664    111045    22.5s
 L     404     146        96   0.00%   6               38                84.21%     8179    338   3122    111291    24.0s
 L     504     140       128   0.00%   6               28                78.57%     9664    401   3932    118027    26.5s
       730     198       202   0.00%   6               28                78.57%     9494    473   6407    142692    31.8s
       946     259       269   0.00%   6               28                78.57%     8453    492   8559    161435    37.1s
      1140     337       330   0.00%   6               28                78.57%     8146    445   7847    178605    42.2s
      1344     406       396   0.00%   6               28                78.57%     7295    417   9054    195346    47.8s
      1540     465       465   0.00%   6               28                78.57%     5727    418   9550    224233    55.7s

Restarting search from the root node
Model after restart has 158 rows, 456 cols (300 bin., 156 int., 0 impl., 0 cont., 0 dom.fix.), and 1556 nonzeros

      1609       0         0   0.00%   6               28                78.57%      414      0      0    225337    56.1s
      1609       0         0   0.00%   6               28                78.57%      414     37      4    225395    56.1s
      2641     259       370   0.00%   6               28                78.57%     2758    219   9093    252326    63.1s

Restarting search from the root node
Model after restart has 158 rows, 456 cols (300 bin., 156 int., 0 impl., 0 cont., 0 dom.fix.), and 1556 nonzeros

      3121       0         0   0.00%   6               28                78.57%      224      0      0    261519    66.3s
      3121       0         0   0.00%   6               28                78.57%      224     23      4    261553    66.3s
      4311     304       422   0.00%   6               28                78.57%     3616    205   8349    279092    71.3s
      5062     484       711   0.00%   6               28                78.57%     2009    150   9227    299887    77.2s

Restarting search from the root node
Model after restart has 158 rows, 456 cols (300 bin., 156 int., 0 impl., 0 cont., 0 dom.fix.), and 1556 nonzeros


        Nodes      |    B&B Tree     |            Objective Bounds              |  Dynamic Constraints |       Work      
Src  Proc. InQueue |  Leaves   Expl. | BestBound       BestSol              Gap |   Cuts   InLp Confl. | LpIters     Time

      5439       0         0   0.00%   6               28                78.57%      164      0      0    302992    78.0s
      5439       0         0   0.00%   6               28                78.57%      164     19      4    303037    78.0s
      7081     394       606   0.00%   6               28                78.57%     5532    270   9331    334232    85.3s
      7682     535       835   0.00%   6               28                78.57%     6228    362   9096    359795    92.3s
 L    7961     564       952   0.00%   6               26                76.92%     5726    300   9977    364590    97.5s
      8182     603      1033   0.00%   6               26                76.92%     3157    339   9370    394340   103.3s
      8686     699      1235   0.00%   6               26                76.92%     2758    382   9305    424755   111.4s
      8889     738      1316   0.00%   6               26                76.92%     2786    310   8586    447613   118.0s
      9295     824      1477   0.00%   6               26                76.92%     2532    183   9697    468517   124.5s
      9392     844      1517   0.00%   6               26                76.92%     1673    196   9369    484776   130.5s
      9593     877      1603   0.00%   6               26                76.92%     1747    213   9603    496994   135.5s
      9793     905      1687   0.00%   6               26                76.92%     1713    183   9455    517313   143.9s
 L   10184     886      1848   0.00%   6               24                75.00%     1533    139   9128    523446   152.1s
     10704     982      2049   0.00%   6               24                75.00%     2176    314   9442    568325   162.8s
     11214    1065      2258   0.00%   6               24                75.00%     1984    261   8791    586855   169.8s
     11509    1117      2382   0.00%   6               24                75.00%     2139    300   9836    602564   175.1s
     11817    1165      2510   0.00%   6               24                75.00%     2681    282   9627    620366   180.1s
     12715    1299      2892   0.00%   6               24                75.00%     2300    269   8295    639103   185.4s
     13020    1336      3024   0.00%   6               24                75.00%     2435    292   9218    665868   192.9s
     13942    1484      3409   0.00%   6               24                75.00%     2008    237   9219    681906   197.9s

Restarting search from the root node
Model after restart has 158 rows, 456 cols (300 bin., 156 int., 0 impl., 0 cont., 0 dom.fix.), and 1556 nonzeros


        Nodes      |    B&B Tree     |            Objective Bounds              |  Dynamic Constraints |       Work      
Src  Proc. InQueue |  Leaves   Expl. | BestBound       BestSol              Gap |   Cuts   InLp Confl. | LpIters     Time

     14726       0         0   0.00%   6               24                75.00%      206      0      0    696599   201.7s
     14726       0         0   0.00%   6               24                75.00%      206      9      4    696618   201.7s
     15972     226       496   0.01%   6               24                75.00%     3312    224   8781    719642   206.7s
     17138     443       971   0.01%   6               24                75.00%     1802    190   8595    741016   211.7s
     17603     526      1163   0.01%   6               24                75.00%     3045    365   9436    756242   216.8s
     18431     664      1506   0.01%   6               24                75.00%     2838    335   8176    777719   221.8s
     19270     794      1858   0.01%   6               24                75.00%     5169    344   8542    808826   229.1s
     20483     966      2373   0.01%   6               24                75.00%     1187    232   9819    832919   234.3s

Restarting search from the root node
Model after restart has 158 rows, 456 cols (300 bin., 156 int., 0 impl., 0 cont., 0 dom.fix.), and 1556 nonzeros

     20866       0         0   0.00%   6               24                75.00%      224      0      0    842994   236.0s
     20866       0         0   0.00%   6               24                75.00%      224     27      4    843034   236.0s
     21690     168       319   0.00%   6               24                75.00%     4487    316   9349    863941   241.2s
     22552     320       671   0.00%   6               24                75.00%     2369    260   8252    889486   246.2s
     23609     488      1115   0.00%   6               24                75.00%     2265    265   9420    912445   251.2s
     25187     674      1796   0.00%   6               24                75.00%     2114    228   8868    937020   256.3s
     26135     826      2190   0.00%   6               24                75.00%     3253    312   9804    959018   261.4s
     27552    1047      2780   0.01%   6               24                75.00%     1446     73   9583     1015k   275.0s
     28659    1228      3242   0.01%   6               24                75.00%     2233    254   9688     1039k   280.3s
     28961    1276      3369   0.01%   6               24                75.00%     2029    264   9199     1072k   290.1s
     29565    1366      3625   0.01%   6               24                75.00%     4000    233   8604     1114k   300.8s
     30071    1436      3843   0.01%   6               24                75.00%     3088    292   9473     1140k   308.7s

        Nodes      |    B&B Tree     |            Objective Bounds              |  Dynamic Constraints |       Work      
Src  Proc. InQueue |  Leaves   Expl. | BestBound       BestSol              Gap |   Cuts   InLp Confl. | LpIters     Time

     30476    1488      4017   0.01%   6               24                75.00%     3504    266   8344     1175k   320.3s
     31381    1628      4398   0.01%   6               24                75.00%     1318    137   9362     1229k   336.3s

Restarting search from the root node
Model after restart has 158 rows, 456 cols (300 bin., 156 int., 0 impl., 0 cont., 0 dom.fix.), and 1556 nonzeros

     31562       0         0   0.00%   6               24                75.00%      138      0      0     1231k   336.7s
     31562       0         0   0.00%   6               24                75.00%      138     10      4     1231k   336.7s
     33032     254       597   0.01%   6               24                75.00%     2529    223   9607     1248k   341.7s
     34208     437      1088   0.01%   6               24                75.00%     2044    250   8544     1268k   346.8s
     35571     653      1661   0.01%   6               24                75.00%     1728    251   8228     1289k   351.8s
     36925     861      2232   0.01%   6               24                75.00%     3896    295   8959     1315k   357.8s
     37843    1008      2609   0.01%   6               24                75.00%     5965    364   9474     1347k   364.7s
     38341    1077      2825   0.02%   6               24                75.00%     3336    375   9253     1364k   369.8s
     39577    1247      3343   0.02%   6               24                75.00%     1483    120   9556     1391k   374.8s
     40331    1340      3671   0.02%   6               24                75.00%     1902    363   8982     1413k   379.8s
     40971    1425      3947   0.02%   6               24                75.00%     4411    430   9291     1441k   385.4s
     41886    1520      4342   0.02%   6               24                75.00%     2168    235   8641     1460k   390.6s
     42078    1543      4430   0.02%   6               24                75.00%     1711    327   8798     1501k   407.5s
     42894    1620      4779   0.02%   6               24                75.00%     2389    209   9808     1531k   416.0s
     43311    1657      4946   0.02%   6               24                75.00%     2646    193   8941     1559k   424.3s
 L   43896    1590      5206   0.02%   6               22                72.73%     4108    328   9602     1572k   438.5s
     45061    1719      5713   0.02%   6               22                72.73%     1898    266   9763     1645k   443.5s
     45123    1734      5736   0.02%   6               22                72.73%     1773    278   9633     1692k   456.5s

        Nodes      |    B&B Tree     |            Objective Bounds              |  Dynamic Constraints |       Work      
Src  Proc. InQueue |  Leaves   Expl. | BestBound       BestSol              Gap |   Cuts   InLp Confl. | LpIters     Time

     46138    1855      6178   0.02%   6               22                72.73%     2208    214   9713     1716k   461.6s
     47041    1971      6569   0.02%   6               22                72.73%     5419    378   9447     1746k   467.0s
     47869    2071      6932   0.02%   6.157894737     22                72.01%     1844    321   8717     1771k   472.0s
     49164    2220      7498   0.02%   6.369325153     22                71.05%     3090    226   9296     1794k   477.0s
     49671    2273      7723   0.02%   6.369325153     22                71.05%     1666    304   9208     1833k   486.3s
     50887    2380      8263   0.02%   6.369325153     22                71.05%     1577    321   9536     1863k   491.4s
     51185    2413      8396   0.02%   6.369325153     22                71.05%     1229    186   9279     1945k   509.8s
     52769    2595      9084   0.02%   6.369325153     22                71.05%     1875    149   9006     1974k   514.8s
     54679    2809      9930   0.02%   6.369325153     22                71.05%     2370    223   9788     2002k   519.8s
     55728    2913     10393   0.02%   6.369325153     22                71.05%     4814    218   9478     2032k   524.9s
     57603    3065     11183   0.02%   6.382978723     22                70.99%     1239    210   9857     2055k   530.1s
     58429    3126     11547   0.03%   6.4             22                70.91%     5372    396   9359     2080k   535.4s
     59269    3187     11901   0.03%   6.555555556     22                70.20%     3615    268   9772     2127k   546.6s
     59881    3266     12167   0.04%   6.6             22                70.00%     5348    467   9937     2150k   551.7s
     61060    3377     12699   0.06%   6.6             22                70.00%     3476    244   9040     2177k   556.7s
     61191    3394     12754   0.06%   6.6             22                70.00%     3372    186   8904     2212k   566.7s
     62464    3509     13329   0.06%   6.833333333     22                68.94%     3068    326   9467     2236k   571.7s
     64510    3733     14227   0.07%   7               22                68.18%     1759    112   9312     2263k   576.7s
     65949    3892     14850   0.07%   7               22                68.18%     3231    288   9444     2324k   596.5s
     66737    3948     15210   0.08%   7               22                68.18%     7467    270   8003     2349k   601.5s

        Nodes      |    B&B Tree     |            Objective Bounds              |  Dynamic Constraints |       Work      
Src  Proc. InQueue |  Leaves   Expl. | BestBound       BestSol              Gap |   Cuts   InLp Confl. | LpIters     Time

     67977    4060     15755   0.08%   7               22                68.18%     3345    290   9764     2371k   606.5s
     69429    4192     16405   0.09%   7               22                68.18%     2813    180   9867     2397k   611.5s
     70562    4312     16900   0.09%   7               22                68.18%     2849    256   9865     2442k   622.8s
     72029    4462     17545   0.09%   7               22                68.18%     4874    251   9717     2467k   627.8s
     73429    4597     18169   0.10%   7               22                68.18%     5495    255   8603     2491k   632.8s
     73732    4625     18305   0.10%   7               22                68.18%     4416    274   8508     2556k   652.3s
     74847    4736     18802   0.10%   7               22                68.18%     5430    284   8954     2578k   657.4s
     75858    4820     19260   0.10%   7               22                68.18%     2708    189   8973     2604k   662.4s
     76873    4932     19709   0.10%   7.066666667     22                67.88%     7231    395   9524     2626k   667.4s
     77768    5003     20118   0.11%   7.428571429     22                66.23%     4690    352   9469     2648k   672.4s
     78606    5085     20493   0.12%   7.470588235     22                66.04%     4216    232   9674     2669k   677.5s
     78918    5112     20627   0.12%   7.470588235     22                66.04%     3497    163   9004     2715k   688.6s
     80727    5285     21429   0.12%   7.478502924     22                66.01%     1956    140   8444     2741k   693.6s
     81824    5412     21915   0.12%   7.482142857     22                65.99%     5582    404   9162     2766k   698.7s
     82595    5480     22259   0.12%   7.482142857     22                65.99%     7359    278   8598     2790k   703.7s
     83133    5536     22498   0.12%   7.5             22                65.91%     5758    282   8789     2845k   716.9s
     85010    5716     23325   0.12%   7.5             22                65.91%     1818    140   8245     2873k   721.9s
     86539    5893     23981   0.13%   7.533333333     22                65.76%     2231    280   8970     2898k   727.1s
     87697    6010     24501   0.14%   7.6             22                65.45%     3386    327   8732     2926k   732.1s
HighsMipSolverData::transformNewIntegerFeasibleSolution tmpSolver.run();
     88359    6087     24792   0.14%   7.6             22                65.45%     4953    204   9050     3034k   761.6s

        Nodes      |    B&B Tree     |            Objective Bounds              |  Dynamic Constraints |       Work      
Src  Proc. InQueue |  Leaves   Expl. | BestBound       BestSol              Gap |   Cuts   InLp Confl. | LpIters     Time

     89841    6224     25453   0.16%   7.76767698      22                64.69%     2972    291   9350     3061k   766.6s
     90840    6314     25906   0.16%   7.784927965     22                64.61%     3169    322   9471     3086k   771.7s
     92250    6471     26531   0.16%   7.784927965     22                64.61%     3261    223   9573     3114k   776.7s
     93212    6555     26969   0.16%   7.8             22                64.55%     5489    386   8480     3143k   781.7s
     94302    6657     27460   0.17%   7.833333333     22                64.39%     3327    341   9381     3168k   786.7s
     95478    6797     27969   0.17%   8               22                63.64%     2686    340   9752     3201k   791.8s
     95841    6823     28138   0.17%   8               22                63.64%     2807    319   9416     3225k   796.8s
     96787    6934     28553   0.18%   8               22                63.64%     3924    295   8435     3286k   813.8s
     97907    7060     29046   0.18%   8               22                63.64%     3288    247   9036     3310k   818.8s
     99348    7220     29683   0.19%   8               22                63.64%     3430    268   9599     3339k   823.8s
    100885    7356     30387   0.19%   8               22                63.64%     4461    239   9181     3365k   828.8s
    101546    7413     30682   0.19%   8               22                63.64%     2812    186   8826     3387k   833.9s
    102664    7526     31179   0.19%   8               22                63.64%     2670    148   8816     3517k   873.1s
    104344    7696     31926   0.19%   8               22                63.64%     2515    178   9610     3546k   878.1s
    106621    7965     32921   0.36%   8               22                63.64%     2093    194   9109     3571k   883.1s
    107573    8049     33352   0.36%   8               22                63.64%     5861    193   9914     3596k   888.1s
    109049    8159     34035   0.39%   8               22                63.64%     3136    275   8771     3622k   893.1s
    110413    8279     34648   0.39%   8               22                63.64%     2921    278   9778     3649k   898.3s
    112135    8424     35427   0.39%   8               22                63.64%     2328    278   9299     3675k   903.4s
    113658    8548     36116   0.39%   8               22                63.64%     3359    167   9963     3700k   908.5s

        Nodes      |    B&B Tree     |            Objective Bounds              |  Dynamic Constraints |       Work      
Src  Proc. InQueue |  Leaves   Expl. | BestBound       BestSol              Gap |   Cuts   InLp Confl. | LpIters     Time

    114554    8628     36527   0.39%   8               22                63.64%     5082    342   9471     3724k   913.5s
    115568    8710     36988   0.40%   8.132667618     22                63.03%     5145    225   8884     3751k   918.6s
    115980    8747     37170   0.40%   8.132667618     22                63.03%     2282    265   9619     3827k   937.2s
    117881    8918     38027   0.40%   8.188627898     22                62.78%     1644    121   9948     3857k   942.2s
    119602    9095     38797   0.40%   8.217882609     22                62.65%     3346    144   9107     3883k   947.2s
    120623    9183     39252   0.40%   8.25            22                62.50%     5771    248   8555     3909k   952.2s
    121258    9230     39548   0.40%   8.267329826     22                62.42%     7114    396   9891     3934k   957.2s
    121728    9264     39759   0.40%   8.267329826     22                62.42%     3669    303   8194     3954k   962.3s
    122353    9322     40039   0.40%   8.322580645     22                62.17%     3681    309   8960     4085k  1001.9s
    123381    9399     40510   0.40%   8.333333333     22                62.12%     3023    268   9898     4112k  1006.9s
    124280    9476     40916   0.42%   8.35761347      22                62.01%     3493    453   8107     4143k  1011.9s
    125663    9593     41541   0.42%   8.35761347      22                62.01%     1990    210   8969     4170k  1016.9s
    127019    9732     42142   0.42%   8.407894737     22                61.78%     6426    180   9898     4197k  1021.9s
    128507    9876     42810   0.42%   8.5             22                61.36%     5238    250   8416     4227k  1027.5s
    130119   10005     43542   0.43%   8.5             22                61.36%     2888    238   9963     4256k  1032.6s
    131825   10129     44323   0.50%   8.5             22                61.36%     5018    251   9829     4284k  1037.6s
    133774   10296     45197   0.50%   8.541666667     22                61.17%     1690     85   8625     4310k  1042.6s
    134007   10321     45301   0.50%   8.541666667     22                61.17%     1602    192   9069     4439k  1077.2s
    135722   10475     46073   0.51%   8.583333333     22                60.98%     1868    224   9139     4467k  1082.2s
    137087   10595     46682   0.51%   8.611334562     22                60.86%     3307    126   9418     4496k  1087.2s

        Nodes      |    B&B Tree     |            Objective Bounds              |  Dynamic Constraints |       Work      
Src  Proc. InQueue |  Leaves   Expl. | BestBound       BestSol              Gap |   Cuts   InLp Confl. | LpIters     Time

    138086   10683     47133   0.51%   8.611334562     22                60.86%     3855    270   9378     4520k  1092.2s
    140064   10847     48028   0.51%   8.611334562     22                60.86%     1490    210   8757     4547k  1097.3s
    141725   10979     48786   0.51%   8.643902756     22                60.71%     2082    123   9249     4574k  1102.3s
    143091   11084     49409   0.51%   8.666666667     22                60.61%     2141    223   9464     4601k  1107.3s
    144120   11151     49889   0.51%   8.666666667     22                60.61%     2972    247   8639     4626k  1112.3s
    145539   11290     50522   0.51%   8.734471944     22                60.30%     2970    345   8542     4654k  1117.4s
    147089   11406     51228   0.52%   8.734471944     22                60.30%     2686     66   8482     4685k  1122.5s
    147537   11447     51425   0.52%   8.75            22                60.23%     4996    385   8707     4707k  1127.5s
    148381   11490     51816   0.52%   8.75            22                60.23%     4230    285   8878     4732k  1132.7s
    149284   11567     52225   0.52%   8.764894411     22                60.16%     2860    151   8971     4763k  1140.1s
    150089   11631     52592   0.52%   8.8             22                60.00%     5693    399   9973     4791k  1145.3s
    150365   11643     52720   0.52%   8.8             22                60.00%     6262    426   9595     4903k  1174.0s
    152268   11786     53589   0.52%   8.8             22                60.00%     1514    210   9465     4931k  1179.0s
    153899   11914     54339   0.52%   8.8             22                60.00%     1278    191   9372     4968k  1184.0s
    155133   12010     54900   0.52%   8.875           22                59.66%     2372    200   9578     5001k  1189.0s
    156634   12114     55590   0.52%   8.882608696     22                59.62%     2063    136   9973     5031k  1194.0s
    158991   12331     56645   0.55%   8.967262633     22                59.24%     1972    173   8904     5062k  1199.1s
    159601   12374     56923   0.55%   8.967262633     22                59.24%     2432    255   8994     5202k  1246.5s
    160296   12441     57238   0.55%   8.967262633     22                59.24%     4372    200   9999     5215k  1251.5s
    161071   12505     57589   0.56%   9               22                59.09%     6969    264   8970     5232k  1256.5s

        Nodes      |    B&B Tree     |            Objective Bounds              |  Dynamic Constraints |       Work      
Src  Proc. InQueue |  Leaves   Expl. | BestBound       BestSol              Gap |   Cuts   InLp Confl. | LpIters     Time

    162507   12620     58244   0.60%   9               22                59.09%     3101    139   8660     5260k  1261.6s
    163690   12716     58781   0.68%   9               22                59.09%     2944    174   9480     5286k  1266.6s
    164949   12834     59350   0.69%   9               22                59.09%     5027    345   8842     5307k  1272.1s
    166440   12944     60023   0.69%   9               22                59.09%     2421     87   9524     5335k  1277.1s
    167831   13070     60646   0.69%   9               22                59.09%     1838    211   8929     5355k  1282.1s
    168655   13122     61028   0.69%   9               22                59.09%     2783    245   9853     5375k  1287.1s
    169852   13222     61572   0.69%   9               22                59.09%     2369    301   8386     5400k  1292.1s
    171640   13369     62380   0.69%   9               22                59.09%     4043    299   9310     5428k  1297.7s
    172889   13458     62953   0.70%   9               22                59.09%     3839    309   9880     5453k  1302.7s
    173090   13469     63043   0.70%   9               22                59.09%     4693    242   9143     5543k  1333.2s
    175233   13625     64006   0.70%   9               22                59.09%     1913    170   9627     5568k  1338.3s
    176680   13732     64657   0.70%   9               22                59.09%     2710    176   9458     5595k  1343.3s
    178803   13861     65629   0.70%   9               22                59.09%     2570    169   9184     5622k  1348.4s
    180814   14011     66546   0.70%   9               22                59.09%     2748    255   9498     5648k  1353.6s
    182095   14102     67134   0.70%   9               22                59.09%     1612    256   9264     5675k  1358.6s
    183231   14196     67649   0.70%   9               22                59.09%     3039    278   8754     5706k  1363.7s
HighsMipSolverData::transformNewIntegerFeasibleSolution tmpSolver.run();
HighsMipSolverData::transformNewIntegerFeasibleSolution tmpSolver.run();
    183639   14223     67835   0.70%   9               22                59.09%     2108    213   9326     5801k  1391.7s
    184786   14290     68363   0.70%   9               22                59.09%     2564    193   9494     5826k  1396.7s
    186543   14456     69152   0.70%   9               22                59.09%     2275    227   8939     5853k  1401.7s
    187407   14506     69548   0.70%   9               22                59.09%     3866    200   9056     5871k  1406.7s

        Nodes      |    B&B Tree     |            Objective Bounds              |  Dynamic Constraints |       Work      
Src  Proc. InQueue |  Leaves   Expl. | BestBound       BestSol              Gap |   Cuts   InLp Confl. | LpIters     Time

    188899   14611     70220   0.70%   9               22                59.09%     2627    325   8837     5892k  1411.8s
    190550   14717     70967   0.71%   9               22                59.09%     2282    194   8869     5918k  1416.8s
    191662   14805     71475   0.71%   9               22                59.09%     6978    443   8586     5941k  1422.0s
    192579   14857     71895   0.71%   9               22                59.09%     2923    220   8807     5966k  1427.0s
    192818   14878     72006   0.71%   9               22                59.09%     4150    287   9515     6043k  1448.8s
    194083   14941     72594   0.71%   9               22                59.09%     3674    131   9163     6074k  1453.8s
    195459   15018     73218   0.71%   9               22                59.09%     1559    131   9233     6099k  1458.9s
    197161   15126     74002   0.71%   9               22                59.09%     2005    227   9536     6129k  1464.0s
    199007   15267     74825   0.71%   9               22                59.09%     1332     72   9785     6154k  1469.0s
    199724   15315     75153   0.71%   9               22                59.09%     1791    235   8939     6206k  1484.2s
    201665   15472     76018   0.71%   9               22                59.09%     1213     92   9889     6235k  1489.2s
    203353   15588     76792   0.72%   9               22                59.09%     1218    161   9581     6261k  1494.2s
    204751   15671     77435   1.87%   9               22                59.09%     3484    315   9515     6283k  1499.7s
    204852   15675     77483   2.15%   9               22                59.09%     3577    313   9573     6361k  1521.3s
    206481   15774     78225   2.15%   9               22                59.09%     1605    113   9448     6387k  1526.3s
    208951   15963     79333   2.15%   9               22                59.09%     1000    113   9430     6416k  1531.4s
    210435   16074     80004   2.15%   9               22                59.09%     2456    186   9775     6439k  1536.4s
    212075   16199     80739   2.15%   9               22                59.09%     1851    140   8957     6459k  1541.4s
    213419   16283     81357   2.17%   9               22                59.09%     3346    338   9124     6485k  1546.4s
    214019   16319     81640   2.17%   9               22                59.09%     3401    313   8847     6679k  1623.4s

        Nodes      |    B&B Tree     |            Objective Bounds              |  Dynamic Constraints |       Work      
Src  Proc. InQueue |  Leaves   Expl. | BestBound       BestSol              Gap |   Cuts   InLp Confl. | LpIters     Time

    215285   16399     82216   2.21%   9               22                59.09%     2877    216   9386     6701k  1628.4s
    216579   16470     82798   2.21%   9               22                59.09%     1844    199   9504     6723k  1633.4s
    217525   16529     83222   2.21%   9               22                59.09%     3902    184   9604     6748k  1638.4s
    219223   16669     83972   2.21%   9.048284086     22                58.87%     1479    126   9283     6770k  1643.4s
    221115   16806     84826   2.21%   9.069694404     22                58.77%     1909    135   9150     6792k  1648.4s
    222614   16896     85474   2.21%   9.069694404     22                58.77%     4987    260   9564     6812k  1654.3s
    223739   16959     85988   2.22%   9.075435633     22                58.75%     3787    226   9757     6835k  1659.3s
    224623   17016     86388   2.22%   9.075435633     22                58.75%     3582    348   9835     6855k  1664.4s
    225177   17034     86640   2.22%   9.090909091     22                58.68%     3165    256   9019     6877k  1669.4s
    226207   17138     87096   2.22%   9.111111111     22                58.59%     2104    185   8704     6896k  1674.4s
    227320   17220     87606   2.22%   9.125           22                58.52%     2436    207   9327     6915k  1679.4s
    228363   17297     88077   2.22%   9.159417564     22                58.37%     1626    223   8290     6934k  1684.4s
    229441   17375     88564   2.22%   9.168539326     22                58.32%     2012    227   9045     6959k  1689.4s
    230353   17453     88975   2.23%   9.2             22                58.18%     1179    171   9497     6976k  1694.5s
    231142   17504     89343   2.23%   9.23941025      22                58.00%     1910    179   9243     6996k  1699.6s
    232486   17585     89948   2.23%   9.23941025      22                58.00%     1530    124   9880     7019k  1704.6s
    232896   17631     90131   2.23%   9.23941025      22                58.00%     3207    216   9989     7042k  1714.8s
    233133   17640     90241   2.23%   9.23941025      22                58.00%     2636    292   9585     7052k  1719.8s
    234028   17691     90653   2.23%   9.23941025      22                58.00%     2236    136   9516     7064k  1724.8s
    234880   17757     91017   2.24%   9.25            22                57.95%     2614    204   8987     7118k  1747.1s

        Nodes      |    B&B Tree     |            Objective Bounds              |  Dynamic Constraints |       Work      
Src  Proc. InQueue |  Leaves   Expl. | BestBound       BestSol              Gap |   Cuts   InLp Confl. | LpIters     Time

    235789   17821     91427   2.28%   9.25            22                57.95%     5340    248   9108     7134k  1752.2s
    236300   17859     91663   2.32%   9.266666667     22                57.88%     5676    378   9297     7153k  1757.6s
    237001   17901     91982   2.32%   9.269244651     22                57.87%     2900    206   9336     7169k  1762.7s
    237608   17961     92250   2.32%   9.282051282     22                57.81%     3209    309   8799     7189k  1767.7s
    238405   18023     92599   2.32%   9.282051282     22                57.81%     3263    296   9455     7251k  1790.8s
    239441   18105     93061   2.32%   9.333333333     22                57.58%     4970    229   9690     7270k  1795.9s
    240357   18206     93461   2.32%   9.333333333     22                57.58%     3462    228   8315     7288k  1801.0s
    241138   18273     93819   2.32%   9.333333333     22                57.58%     1438    303   8354     7306k  1806.0s
    241807   18326     94119   2.32%   9.333333333     22                57.58%     2309    283   8396     7324k  1811.0s
    242392   18365     94388   2.32%   9.333333333     22                57.58%     2707    231   9088     7341k  1816.0s
    242809   18392     94576   2.32%   9.333333333     22                57.58%     2241    181   9179     7499k  1890.6s
    243629   18438     94951   2.34%   9.333333333     22                57.58%     4426    291   8840     7517k  1895.7s
    244385   18490     95291   2.36%   9.333333333     22                57.58%     3043    347   9313     7537k  1900.7s
    245144   18547     95637   2.36%   9.333333333     22                57.58%     3567    402   9007     7556k  1905.7s
    245682   18583     95887   2.36%   9.333333333     22                57.58%     3742    343   9445     7578k  1910.7s
    246474   18644     96247   2.36%   9.333333333     22                57.58%     2741    367   9025     7595k  1915.8s
    247583   18729     96743   2.36%   9.333333333     22                57.58%     2183    236   8748     7617k  1921.2s
    248412   18793     97118   2.36%   9.333333333     22                57.58%     4371    360   8791     7633k  1926.3s
    248850   18827     97323   2.36%   9.333333333     22                57.58%     4427    308   8892     7649k  1931.3s
    249359   18853     97556   2.40%   9.358974359     22                57.46%     3834    344   9104     7670k  1936.4s

        Nodes      |    B&B Tree     |            Objective Bounds              |  Dynamic Constraints |       Work      
Src  Proc. InQueue |  Leaves   Expl. | BestBound       BestSol              Gap |   Cuts   InLp Confl. | LpIters     Time

    250738   18953     98188   2.40%   9.372521054     22                57.40%     1825    216   9699     7692k  1941.4s
    251866   19021     98691   2.40%   9.375685102     22                57.38%     2818    276   8678     7713k  1946.4s
    252751   19072     99095   2.40%   9.450806431     22                57.04%     3503    336   9234     7732k  1951.4s
    253300   19114     99348   2.40%   9.458823529     22                57.01%     3146    377   9646     7752k  1956.4s
    254147   19185     99729   2.41%   9.490196078     22                56.86%     2555    210   9299     7774k  1961.4s
    255240   19285    100222   2.41%   9.496894813     22                56.83%     1376    250   8560     7798k  1966.5s
    255542   19312    100356   2.41%   9.496894813     22                56.83%     1724    281   9846     7816k  1972.1s
    256250   19366    100682   2.41%   9.5             22                56.82%     3464    289   8962     7858k  1982.9s
    257224   19429    101129   2.41%   9.5             22                56.82%     2614    297   9742     7885k  1988.0s
    257623   19453    101319   2.41%   9.5             22                56.82%     4335    221   9401     7909k  1996.0s
    258849   19588    101855   2.41%   9.5             22                56.82%     1658    175   9584     8036k  2040.4s
    260071   19694    102409   2.41%   9.5             22                56.82%     1396    131   9791     8058k  2045.4s
    261149   19767    102909   2.41%   9.5             22                56.82%     3198    151   9504     8077k  2050.4s
    262302   19865    103427   2.41%   9.5             22                56.82%      930    217   9450     8099k  2055.4s
    262919   19915    103705   2.41%   9.5             22                56.82%     3606    368   9557     8115k  2060.4s
    263722   19984    104071   2.41%   9.511480569     22                56.77%     2558    313   9829     8134k  2065.4s
    264688   20065    104512   2.41%   9.529250856     22                56.69%     2788    272   9033     8154k  2070.4s
    265628   20135    104937   2.41%   9.547049442     22                56.60%     3588    348   9618     8171k  2075.5s
    266164   20166    105185   2.41%   9.547049442     22                56.60%     2329    401   9584     8192k  2080.5s
    267158   20231    105648   2.41%   9.574821853     22                56.48%     1867    302   9068     8215k  2085.5s

        Nodes      |    B&B Tree     |            Objective Bounds              |  Dynamic Constraints |       Work      
Src  Proc. InQueue |  Leaves   Expl. | BestBound       BestSol              Gap |   Cuts   InLp Confl. | LpIters     Time

    267850   20286    105958   2.41%   9.576789212     22                56.47%     2714    253   9511     8233k  2090.5s
    268609   20365    106287   2.41%   9.590677349     22                56.41%     2650    296   9489     8247k  2095.5s
    268888   20404    106409   2.41%   9.590677349     22                56.41%     5392    280   9252     8273k  2109.2s
    269884   20480    106863   2.41%   9.590677349     22                56.41%     5315    282   9230     8290k  2114.3s
    270404   20525    107098   2.41%   9.590677349     22                56.41%     3095    293   8227     8321k  2123.3s
    271537   20619    107619   2.41%   9.6             22                56.36%     2317    251   9792     8342k  2128.3s
    272420   20680    108015   2.41%   9.6             22                56.36%     2287    228   9143     8420k  2151.4s
    273780   20751    108637   2.41%   9.6             22                56.36%     1712    137   9103     8442k  2156.4s
    275094   20828    109222   2.41%   9.606911447     22                56.33%     5656    369   9960     8461k  2162.1s
    275841   20874    109569   2.41%   9.621580998     22                56.27%     3491    323   9779     8486k  2167.1s
    276591   20935    109909   2.41%   9.621580998     22                56.27%     3603    276   8426     8504k  2172.1s
    277383   20993    110271   2.41%   9.625           22                56.25%     5276    314   8885     8527k  2177.1s
    278116   21049    110604   2.41%   9.625           22                56.25%     5271    242   9491     8701k  2230.5s
    279065   21112    111031   2.41%   9.656765677     22                56.11%     3205    287   8684     8724k  2235.7s
    280136   21196    111517   2.42%   9.666666667     22                56.06%     4746    252   9532     8750k  2240.7s
    281334   21294    112053   2.42%   9.666666667     22                56.06%     4501    398   9843     8772k  2245.7s
    282774   21394    112710   2.45%   9.666666667     22                56.06%     3412    251   9341     8799k  2251.0s
    284687   21532    113584   2.45%   9.75            22                55.68%     3037    235   9249     8826k  2256.3s
    286479   21677    114390   2.45%   9.752228696     22                55.67%     2913    185   9405     8853k  2261.3s
    287557   21785    114866   2.45%   9.756097561     22                55.65%     1853    221   9590     8877k  2266.3s

        Nodes      |    B&B Tree     |            Objective Bounds              |  Dynamic Constraints |       Work      
Src  Proc. InQueue |  Leaves   Expl. | BestBound       BestSol              Gap |   Cuts   InLp Confl. | LpIters     Time

    289222   21936    115610   2.45%   9.756097561     22                55.65%     1529    171   8502     8907k  2271.3s
    290531   22033    116211   2.45%   9.756097561     22                55.65%     1711    221   9847     8939k  2276.4s
    291676   22113    116729   2.45%   9.756097561     22                55.65%     1675    156   9924     8972k  2281.4s
    294022   22315    117771   2.45%   9.763389027     22                55.62%     1835     95   8652     8998k  2286.4s
    295537   22464    118443   2.45%   9.8             22                55.45%     1864    117   9231     9084k  2311.1s
    296861   22588    119034   2.45%   9.815747097     22                55.38%     4611    290   9229     9107k  2316.1s
    297524   22633    119343   2.45%   9.815747097     22                55.38%     5063    372   8363     9136k  2321.1s
    298196   22680    119653   2.45%   9.818181818     22                55.37%     4861    357   9043     9167k  2326.1s
    299806   22819    120373   2.45%   9.822428381     22                55.35%     1932    131   8908     9198k  2331.1s
    301216   22934    121004   2.45%   9.833645675     22                55.30%     3632    130   8652     9403k  2396.7s
    302537   23045    121602   2.45%   9.857142857     22                55.19%     2415    261   8932     9424k  2401.7s
    304066   23153    122294   2.45%   9.887145901     22                55.06%     2365    193   8903     9450k  2407.0s
    306073   23313    123207   2.45%   9.909090909     22                54.96%     2651    274   8232     9477k  2412.2s
    307018   23369    123647   2.46%   9.914636322     22                54.93%     4145    193   8200     9502k  2417.2s
    308128   23447    124147   2.46%   9.920993509     22                54.90%     4775    256   8893     9526k  2422.2s
    308880   23500    124490   2.46%   9.920993509     22                54.90%     3457    261   8648     9547k  2427.2s
    309773   23570    124903   2.46%   9.926935787     22                54.88%     4814    422   9578     9573k  2432.5s
    310714   23641    125323   2.46%   9.985554011     22                54.61%     4904    213   8527     9594k  2437.5s
    311815   23765    125809   2.46%   9.98825767      22                54.60%     8092    251   9121     9614k  2442.7s
    313488   23874    126574   2.46%   9.999607268     22                54.55%     2682    137   9387     9639k  2447.7s

        Nodes      |    B&B Tree     |            Objective Bounds              |  Dynamic Constraints |       Work      
Src  Proc. InQueue |  Leaves   Expl. | BestBound       BestSol              Gap |   Cuts   InLp Confl. | LpIters     Time

    314692   23955    127103   2.46%   10              22                54.55%     3901    337   8461     9664k  2453.3s
    316107   24080    127742   2.46%   10              22                54.55%     3138    183   9044     9689k  2458.3s
    317526   24192    128364   2.46%   10              22                54.55%     2852    150   9153     9712k  2463.3s
    319409   24340    129215   2.46%   10              22                54.55%     1956    130   9085     9736k  2468.3s
