[[168,12,<=10]]  l=14, m=6, A = y^5 + x^4 + x^5, B = y^4 + x^2 + x^6
solver log follows; 'dual bound' is the proven minimum so far, it rises over time
Running HiGHS 1.12.0 (git hash: 4f96ee8): Copyright (c) 2025 HiGHS under MIT licence terms
MIP has 98 rows; 276 cols; 862 nonzeros; 276 integer variables (180 binary)
Coefficient ranges:
  Matrix  [1e+00, 2e+00]
  Cost    [1e+00, 1e+00]
  Bound   [1e+00, 2e+01]
  RHS     [1e+00, 1e+00]
Presolving model
98 rows, 276 cols, 862 nonzeros  0s
98 rows, 276 cols, 862 nonzeros  0s
Presolve reductions: rows 98(-0); columns 276(-0); nonzeros 862(-0) - Not reduced
Objective function is integral with scale 1

Solving MIP model with:
   98 rows
   276 cols (180 binary, 96 integer, 0 implied int., 0 continuous, 0 domain fixed)
   862 nonzeros

Src: B => Branching; C => Central rounding; F => Feasibility pump; H => Heuristic;
     I => Shifting; J => Feasibility jump; L => Sub-MIP; P => Empty MIP; R => Randomized rounding;
     S => Solve LP; T => Evaluate node; U => Unbounded; X => User solution; Y => HiGHS solution;
     Z => ZI Round; l => Trivial lower; p => Trivial point; u => Trivial upper; z => Trivial zero

        Nodes      |    B&B Tree     |            Objective Bounds              |  Dynamic Constraints |       Work      
Src  Proc. InQueue |  Leaves   Expl. | BestBound       BestSol              Gap |   Cuts   InLp Confl. | LpIters     Time

         0       0         0   0.00%   1               inf                  inf        0      0      0         0     0.0s
         0       0         0   0.00%   1               inf                  inf        0      0      4         3     0.0s
 L       0       0         0   0.00%   6               10                40.00%     7216    226    241      1594     1.9s
        40       2        16  48.05%   6               10                40.00%     7530     98   2717     32145     7.0s
       205      26        88  49.28%   6               10                40.00%     8075    181   6097     72893    12.3s
       346      41       152  50.43%   6               10                40.00%     9188    220   9369    109439    17.8s
       511      56       226  68.36%   6               10                40.00%     8805    276   8656    124706    22.9s
       597      56       269  95.78%   6               10                40.00%     4352    280   8764    143350    28.0s
       779      69       353  96.14%   6               10                40.00%     5013    220   7589    157844    33.5s
       846      51       394  96.30%   6.866666667     10                31.33%     1892    158   8214    167122    38.8s
      1069      23       516  98.89%   7.4             10                26.00%     3416    231   9504    178788    43.8s
      1098       0       542 100.00%   10              10                 0.00%     4070    218   9858    182849    45.3s

Solving report
  Status            Optimal
  Primal bound      10
  Dual bound        10
  Gap               0%
  P-D integral      16.3179571674
  Solution status   feasible
                    10 (objective)
                    0 (bound viol.)
                    0 (int. viol.)
                    0 (row viol.)
  Timing            45.27
  Max sub-MIP depth 2
  Nodes             1098
  Repair LPs        0
  LP iterations     182849
                    105126 (strong br.)
                    16821 (separation)
                    9733 (heuristics)

PROVEN: minimum distance is exactly 10
saved results/proofs/raw_168_12_10.json
