280 SAT certificates, 255 with a pairing set spanning fewer than k classes
             14-2-3.json n=14 k=2 d=3 spanned={'X': 1, 'Z': 2} -> PROVEN (0.0 cpu-h)
             18-4-3.json n=18 k=4 d=3 spanned={'X': 4, 'Z': 2} -> PROVEN (0.0 cpu-h)
             20-8-2.json n=20 k=8 d=2 spanned={'X': 4, 'Z': 5} -> PROVEN (0.0 cpu-h)
             20-8-4.json n=20 k=8 d=4 spanned={'X': 7, 'Z': 7} -> PROVEN (0.001 cpu-h)
             23-3-3.json n=23 k=3 d=3 spanned={'X': 1, 'Z': 1} -> PROVEN (0.0 cpu-h)
            24-12-2.json n=24 k=12 d=2 spanned={'X': 8, 'Z': 10} -> PROVEN (0.0 cpu-h)
             25-5-4.json n=25 k=5 d=4 spanned={'X': 4, 'Z': 1} -> PROVEN (0.0 cpu-h)
            30-16-2.json n=30 k=16 d=2 spanned={'X': 12, 'Z': 12} -> PROVEN (0.0 cpu-h)
             34-4-3.json n=34 k=4 d=3 spanned={'X': 1, 'Z': 1} -> PROVEN (0.0 cpu-h)
             36-4-3.json n=36 k=4 d=3 spanned={'X': 2, 'Z': 1} -> PROVEN (0.0 cpu-h)
             36-6-4.json n=36 k=6 d=4 spanned={'X': 3, 'Z': 3} -> PROVEN (0.0 cpu-h)
             36-9-4.json n=36 k=9 d=4 spanned={'X': 6, 'Z': 5} -> PROVEN (0.002 cpu-h)
             37-5-3.json n=37 k=5 d=3 spanned={'X': 2, 'Z': 1} -> PROVEN (0.0 cpu-h)
            40-10-4.json n=40 k=10 d=4 spanned={'X': 7, 'Z': 9} -> PROVEN (0.001 cpu-h)
            40-12-4.json n=40 k=12 d=4 spanned={'X': 8, 'Z': 8} -> PROVEN (0.0 cpu-h)
             40-6-4.json n=40 k=6 d=4 spanned={'X': 4, 'Z': 4} -> PROVEN (0.001 cpu-h)
            41-16-4.json n=41 k=16 d=4 spanned={'X': 15, 'Z': 15} -> PROVEN (0.0 cpu-h)
            42-10-4.json n=42 k=10 d=4 spanned={'X': 9, 'Z': 9} -> PROVEN (0.0 cpu-h)
            42-12-4.json n=42 k=12 d=4 spanned={'X': 11, 'Z': 9} -> PROVEN (0.001 cpu-h)
            42-14-6.json n=42 k=14 d=6 spanned={'X': 12, 'Z': 14} -> PROVEN (0.0 cpu-h)
             42-6-6.json n=42 k=6 d=6 spanned={'X': 4, 'Z': 4} -> PROVEN (0.0 cpu-h)
             48-6-3.json n=48 k=6 d=3 spanned={'X': 1, 'Z': 1} -> PROVEN (0.0 cpu-h)
            50-18-4.json n=50 k=18 d=4 spanned={'X': 16, 'Z': 16} -> PROVEN (0.0 cpu-h)
             50-6-3.json n=50 k=6 d=3 spanned={'X': 1, 'Z': 1} -> PROVEN (0.0 cpu-h)
             51-7-3.json n=51 k=7 d=3 spanned={'X': 2, 'Z': 2} -> PROVEN (0.0 cpu-h)
            54-20-4.json n=54 k=20 d=4 spanned={'X': 19, 'Z': 17} -> PROVEN (0.0 cpu-h)
             54-6-7.json n=54 k=6 d=7 spanned={'X': 4, 'Z': 6} -> PROVEN (0.0 cpu-h)
             54-8-6.json n=54 k=8 d=6 spanned={'X': 6, 'Z': 6} -> PROVEN (0.0 cpu-h)
             54-9-5.json n=54 k=9 d=5 spanned={'X': 6, 'Z': 6} -> PROVEN (0.0 cpu-h)
            60-12-6.json n=60 k=12 d=6 spanned={'X': 0, 'Z': 10} -> PROVEN (0.002 cpu-h)
             60-4-8.json n=60 k=4 d=8 spanned={'X': 2, 'Z': 2} -> PROVEN (0.002 cpu-h)
             60-6-9.json n=60 k=6 d=9 spanned={'X': 3, 'Z': 5} -> PROVEN (0.001 cpu-h)
             63-3-5.json n=63 k=3 d=5 spanned={'X': 0, 'Z': 1} -> PROVEN (0.0 cpu-h)
            64-16-6.json n=64 k=16 d=6 spanned={'X': 14, 'Z': 14} -> PROVEN (0.0 cpu-h)
            64-18-8.json n=64 k=18 d=8 spanned={'X': 15, 'Z': 15} -> PROVEN (0.0 cpu-h)
             64-8-3.json n=64 k=8 d=3 spanned={'X': 2, 'Z': 2} -> PROVEN (0.001 cpu-h)
             65-9-3.json n=65 k=9 d=3 spanned={'X': 2, 'Z': 3} -> PROVEN (0.0 cpu-h)
            66-20-7.json n=66 k=20 d=7 spanned={'X': 19, 'Z': 20} -> PROVEN (0.002 cpu-h)
            66-6-10.json n=66 k=6 d=10 spanned={'X': 5, 'Z': 5} -> PROVEN (0.001 cpu-h)
             70-6-9.json n=70 k=6 d=9 spanned={'X': 4, 'Z': 5} -> PROVEN (0.001 cpu-h)
            70-8-10.json n=70 k=8 d=10 spanned={'X': 6, 'Z': 6} -> PROVEN (0.004 cpu-h)
            72-10-9.json n=72 k=10 d=9 spanned={'X': 9, 'Z': 8} -> PROVEN (0.001 cpu-h)
            72-14-8.json n=72 k=14 d=8 spanned={'X': 11, 'Z': 11} -> PROVEN (0.0 cpu-h)
            72-8-10.json n=72 k=8 d=10 spanned={'X': 7, 'Z': 7} -> PROVEN (0.004 cpu-h)
            78-10-3.json n=78 k=10 d=3 spanned={'X': 4, 'Z': 2} -> PROVEN (0.0 cpu-h)
            79-11-3.json n=79 k=11 d=3 spanned={'X': 3, 'Z': 3} -> PROVEN (0.0 cpu-h)
            80-6-10.json n=80 k=6 d=10 spanned={'X': 4, 'Z': 4} -> PROVEN (0.001 cpu-h)
            84-10-9.json n=84 k=10 d=9 spanned={'X': 7, 'Z': 8} -> PROVEN (0.001 cpu-h)
           84-14-10.json n=84 k=14 d=10 spanned={'X': 8, 'Z': 11} -> PROVEN (0.005 cpu-h)
             84-2-9.json n=84 k=2 d=9 spanned={'X': 2, 'Z': 1} -> PROVEN (0.002 cpu-h)
            84-34-6.json n=84 k=34 d=6 spanned={'X': 33, 'Z': 33} -> PROVEN (0.0 cpu-h)
            85-22-4.json n=85 k=22 d=4 spanned={'X': 18, 'Z': 20} -> PROVEN (0.0 cpu-h)
            85-40-5.json n=85 k=40 d=5 spanned={'X': 40, 'Z': 37} -> PROVEN (0.001 cpu-h)
            90-12-9.json n=90 k=12 d=9 spanned={'X': 9, 'Z': 11} -> PROVEN (0.001 cpu-h)
            90-20-7.json n=90 k=20 d=7 spanned={'X': 20, 'Z': 19} -> PROVEN (0.0 cpu-h)
            93-13-3.json n=93 k=13 d=3 spanned={'X': 4, 'Z': 3} -> PROVEN (0.0 cpu-h)
            96-12-9.json n=96 k=12 d=9 spanned={'X': 6, 'Z': 10} -> PROVEN (0.001 cpu-h)
            96-18-4.json n=96 k=18 d=4 spanned={'X': 14, 'Z': 13} -> PROVEN (0.003 cpu-h)
            96-20-8.json n=96 k=20 d=8 spanned={'X': 18, 'Z': 18} -> PROVEN (0.001 cpu-h)
            96-34-4.json n=96 k=34 d=4 spanned={'X': 29, 'Z': 28} -> PROVEN (0.002 cpu-h)
            96-4-12.json n=96 k=4 d=12 spanned={'X': 2, 'Z': 2} -> PROVEN (0.012 cpu-h)
            98-12-9.json n=98 k=12 d=9 spanned={'X': 11, 'Z': 9} -> PROVEN (0.001 cpu-h)
            98-6-12.json n=98 k=6 d=12 spanned={'X': 3, 'Z': 3} -> PROVEN (0.013 cpu-h)
           100-20-8.json n=100 k=20 d=8 spanned={'X': 0, 'Z': 20} -> PROVEN (0.004 cpu-h)
            101-5-5.json n=101 k=5 d=5 spanned={'X': 0, 'Z': 2} -> PROVEN (0.0 cpu-h)
           104-30-8.json n=104 k=30 d=8 spanned={'X': 24, 'Z': 22} -> PROVEN (0.001 cpu-h)
           107-15-3.json n=107 k=15 d=3 spanned={'X': 4, 'Z': 4} -> PROVEN (0.0 cpu-h)
           108-20-4.json n=108 k=20 d=4 spanned={'X': 13, 'Z': 16} -> PROVEN (0.0 cpu-h)
           112-2-10.json n=112 k=2 d=10 spanned={'X': 2, 'Z': 1} -> PROVEN (0.003 cpu-h)
           114-44-3.json n=114 k=44 d=3 spanned={'X': 20, 'Z': 37} -> PROVEN (0.0 cpu-h)
           119-34-5.json n=119 k=34 d=5 spanned={'X': 27, 'Z': 30} -> PROVEN (0.0 cpu-h)
          120-12-10.json n=120 k=12 d=10 spanned={'X': 7, 'Z': 8} -> PROVEN (0.016 cpu-h)
           120-16-8.json n=120 k=16 d=8 spanned={'X': 11, 'Z': 8} -> PROVEN (0.0 cpu-h)
           120-22-4.json n=120 k=22 d=4 spanned={'X': 16, 'Z': 19} -> PROVEN (0.005 cpu-h)
           120-24-8.json n=120 k=24 d=8 spanned={'X': 0, 'Z': 20} -> PROVEN (0.008 cpu-h)
           120-34-5.json n=120 k=34 d=5 spanned={'X': 27, 'Z': 30} -> PROVEN (0.0 cpu-h)
           121-1-11.json n=121 k=1 d=11 spanned={'X': 0, 'Z': 1} -> PROVEN (0.002 cpu-h)
           121-17-3.json n=121 k=17 d=3 spanned={'X': 4, 'Z': 5} -> PROVEN (0.0 cpu-h)
            123-3-7.json n=123 k=3 d=7 spanned={'X': 0, 'Z': 1} -> PROVEN (0.0 cpu-h)
          124-14-11.json n=124 k=14 d=11 spanned={'X': 9, 'Z': 14} -> PROVEN (0.003 cpu-h)
            126-6-5.json n=126 k=6 d=5 spanned={'X': 0, 'Z': 1} -> PROVEN (0.0 cpu-h)
          128-13-10.json n=128 k=13 d=10 spanned={'X': 6, 'Z': 7} -> PROVEN (0.103 cpu-h)
           135-19-3.json n=135 k=19 d=3 spanned={'X': 5, 'Z': 5} -> PROVEN (0.0 cpu-h)
           136-38-8.json n=136 k=38 d=8 spanned={'X': 33, 'Z': 27} -> PROVEN (0.0 cpu-h)
            139-7-5.json n=139 k=7 d=5 spanned={'X': 0, 'Z': 3} -> PROVEN (0.0 cpu-h)
          140-10-10.json n=140 k=10 d=10 spanned={'X': 7, 'Z': 6} -> PROVEN (0.04 cpu-h)
           140-6-14.json n=140 k=6 d=14 spanned={'X': 3, 'Z': 6} -> PROVEN (0.204 cpu-h)
           141-44-4.json n=141 k=44 d=4 spanned={'X': 16, 'Z': 36} -> PROVEN (0.0 cpu-h)
          144-12-12.json n=144 k=12 d=12 spanned={'X': 6, 'Z': 6} -> PROVEN (0.006 cpu-h)
          144-16-10.json n=144 k=16 d=10 spanned={'X': 12, 'Z': 16} -> PROVEN (0.036 cpu-h)
           144-18-9.json n=144 k=18 d=9 spanned={'X': 15, 'Z': 14} -> PROVEN (0.003 cpu-h)
           146-18-4.json n=146 k=18 d=4 spanned={'X': 16, 'Z': 17} -> PROVEN (0.003 cpu-h)
           149-21-3.json n=149 k=21 d=3 spanned={'X': 6, 'Z': 5} -> PROVEN (0.0 cpu-h)
          150-30-10.json n=150 k=30 d=10 spanned={'X': 0, 'Z': 28} -> PROVEN (0.098 cpu-h)
           152-42-8.json n=152 k=42 d=8 spanned={'X': 36, 'Z': 30} -> PROVEN (0.002 cpu-h)
           154-6-11.json n=154 k=6 d=11 spanned={'X': 3, 'Z': 6} -> PROVEN (0.002 cpu-h)
          163-12-10.json n=163 k=12 d=10 spanned={'X': 6, 'Z': 11} -> PROVEN (0.006 cpu-h)
           163-23-3.json n=163 k=23 d=3 spanned={'X': 6, 'Z': 6} -> PROVEN (0.0 cpu-h)
          164-12-10.json n=164 k=12 d=10 spanned={'X': 6, 'Z': 11} -> PROVEN (0.007 cpu-h)
            168-8-5.json n=168 k=8 d=5 spanned={'X': 3, 'Z': 0} -> PROVEN (0.007 cpu-h)
           170-34-8.json n=170 k=34 d=8 spanned={'X': 0, 'Z': 34} -> PROVEN (0.011 cpu-h)
           175-12-7.json n=175 k=12 d=7 spanned={'X': 10, 'Z': 6} -> PROVEN (0.001 cpu-h)
            175-8-9.json n=175 k=8 d=9 spanned={'X': 7, 'Z': 5} -> PROVEN (0.003 cpu-h)
           177-25-3.json n=177 k=25 d=3 spanned={'X': 6, 'Z': 7} -> PROVEN (0.0 cpu-h)
            177-9-5.json n=177 k=9 d=5 spanned={'X': 0, 'Z': 4} -> PROVEN (0.0 cpu-h)
           180-36-8.json n=180 k=36 d=8 spanned={'X': 0, 'Z': 34} -> PROVEN (0.04 cpu-h)
           182-6-12.json n=182 k=6 d=12 spanned={'X': 3, 'Z': 6} -> PROVEN (0.006 cpu-h)
          184-50-10.json n=184 k=50 d=10 spanned={'X': 39, 'Z': 36} -> PROVEN (0.009 cpu-h)
           190-38-8.json n=190 k=38 d=8 spanned={'X': 0, 'Z': 38} -> PROVEN (0.011 cpu-h)
           190-78-3.json n=190 k=78 d=3 spanned={'X': 38, 'Z': 66} -> PROVEN (0.0 cpu-h)
           191-27-3.json n=191 k=27 d=3 spanned={'X': 7, 'Z': 7} -> PROVEN (0.0 cpu-h)
           195-39-8.json n=195 k=39 d=8 spanned={'X': 0, 'Z': 39} -> PROVEN (0.021 cpu-h)
          196-15-11.json n=196 k=15 d=11 spanned={'X': 9, 'Z': 8} -> PROVEN (0.176 cpu-h)
            197-5-7.json n=197 k=5 d=7 spanned={'X': 0, 'Z': 2} -> PROVEN (0.0 cpu-h)
            198-8-9.json n=198 k=8 d=9 spanned={'X': 5, 'Z': 5} -> PROVEN (0.003 cpu-h)
          201-15-11.json n=201 k=15 d=11 spanned={'X': 9, 'Z': 8} -> PROVEN (0.057 cpu-h)
           202-10-5.json n=202 k=10 d=5 spanned={'X': 0, 'Z': 2} -> PROVEN (0.0 cpu-h)
            203-3-9.json n=203 k=3 d=9 spanned={'X': 0, 'Z': 1} -> PROVEN (0.0 cpu-h)
          205-12-12.json n=205 k=12 d=12 spanned={'X': 8, 'Z': 11} -> PROVEN (0.168 cpu-h)
           205-29-3.json n=205 k=29 d=3 spanned={'X': 8, 'Z': 7} -> PROVEN (0.0 cpu-h)
          210-12-10.json n=210 k=12 d=10 spanned={'X': 9, 'Z': 6} -> PROVEN (0.076 cpu-h)
          211-12-12.json n=211 k=12 d=12 spanned={'X': 8, 'Z': 10} -> in progress (0.232 cpu-h)
           215-11-5.json n=215 k=11 d=5 spanned={'X': 0, 'Z': 5} -> PROVEN (0.0 cpu-h)
           219-31-3.json n=219 k=31 d=3 spanned={'X': 8, 'Z': 8} -> PROVEN (0.0 cpu-h)
          230-16-12.json n=230 k=16 d=12 spanned={'X': 13, 'Z': 11} -> in progress (0.254 cpu-h)
           230-46-8.json n=230 k=46 d=8 spanned={'X': 0, 'Z': 46} -> PROVEN (0.023 cpu-h)
           233-33-3.json n=233 k=33 d=3 spanned={'X': 8, 'Z': 9} -> PROVEN (0.0 cpu-h)
          236-16-12.json n=236 k=16 d=12 spanned={'X': 13, 'Z': 12} -> in progress (0.261 cpu-h)
    239-12-12-graft.json n=239 k=12 d=12 spanned={'X': 6, 'Z': 11} -> in progress (0.227 cpu-h)
Traceback (most recent call last):
  File "C:\vscode\qldpc-challenge-foundry\lab\scripts\audit_sat_certs.py", line 112, in <module>
    main()
    ~~~~^^
  File "C:\vscode\qldpc-challenge-foundry\lab\scripts\audit_sat_certs.py", line 98, in main
    st = certify_sym.certify([code], None, 2, True, args.tlim, args.workers, tag="_audit", quiet=True,
         ~~~~~~~~~~~~~~~~~~~^^^^^^^^^^^^^^^^^^^^^^^^^^^^^^^^^^^^^^^^^^^^^^^^^^^^^^^^^^^^^^^^^^^^^^^^^^
                             max_cpu_hours=args.max_cpu_hours)[code]
                             ^^^^^^^^^^^^^^^^^^^^^^^^^^^^^^^^^
  File "C:\vscode\qldpc-challenge-foundry\lab\qec_search\certify_sym.py", line 280, in certify
    save_status(paths[code], st)
    ~~~~~~~~~~~^^^^^^^^^^^^^^^^^
  File "C:\vscode\qldpc-challenge-foundry\lab\qec_search\certify_sym.py", line 230, in save_status
    os.replace(tmp, path)
    ~~~~~~~~~~^^^^^^^^^^^
PermissionError: [WinError 5] Access is denied: 'C:\\vscode\\qldpc-challenge-foundry\\lab\\results\\logs\\240-12-12.sym_audit_d12.status.tmp' -> 'C:\\vscode\\qldpc-challenge-foundry\\lab\\results\\logs\\240-12-12.sym_audit_d12.status.json'
--- resumed 2026-09-27T18:59:37+13:00 after os.replace PermissionError fix ---
280 SAT certificates, 255 with a pairing set spanning fewer than k classes
             14-2-3.json n=14 k=2 d=3 spanned={'X': 1, 'Z': 2} -> PROVEN (0.0 cpu-h)
             18-4-3.json n=18 k=4 d=3 spanned={'X': 4, 'Z': 2} -> PROVEN (0.0 cpu-h)
             20-8-2.json n=20 k=8 d=2 spanned={'X': 4, 'Z': 5} -> PROVEN (0.0 cpu-h)
             20-8-4.json n=20 k=8 d=4 spanned={'X': 7, 'Z': 7} -> PROVEN (0.001 cpu-h)
             23-3-3.json n=23 k=3 d=3 spanned={'X': 1, 'Z': 1} -> PROVEN (0.0 cpu-h)
            24-12-2.json n=24 k=12 d=2 spanned={'X': 8, 'Z': 10} -> PROVEN (0.0 cpu-h)
             25-5-4.json n=25 k=5 d=4 spanned={'X': 4, 'Z': 1} -> PROVEN (0.0 cpu-h)
            30-16-2.json n=30 k=16 d=2 spanned={'X': 12, 'Z': 12} -> PROVEN (0.0 cpu-h)
             34-4-3.json n=34 k=4 d=3 spanned={'X': 1, 'Z': 1} -> PROVEN (0.0 cpu-h)
             36-4-3.json n=36 k=4 d=3 spanned={'X': 2, 'Z': 1} -> PROVEN (0.0 cpu-h)
             36-6-4.json n=36 k=6 d=4 spanned={'X': 3, 'Z': 3} -> PROVEN (0.0 cpu-h)
             36-9-4.json n=36 k=9 d=4 spanned={'X': 6, 'Z': 5} -> PROVEN (0.002 cpu-h)
             37-5-3.json n=37 k=5 d=3 spanned={'X': 2, 'Z': 1} -> PROVEN (0.0 cpu-h)
            40-10-4.json n=40 k=10 d=4 spanned={'X': 7, 'Z': 9} -> PROVEN (0.001 cpu-h)
            40-12-4.json n=40 k=12 d=4 spanned={'X': 8, 'Z': 8} -> PROVEN (0.0 cpu-h)
             40-6-4.json n=40 k=6 d=4 spanned={'X': 4, 'Z': 4} -> PROVEN (0.001 cpu-h)
            41-16-4.json n=41 k=16 d=4 spanned={'X': 15, 'Z': 15} -> PROVEN (0.0 cpu-h)
            42-10-4.json n=42 k=10 d=4 spanned={'X': 9, 'Z': 9} -> PROVEN (0.0 cpu-h)
            42-12-4.json n=42 k=12 d=4 spanned={'X': 11, 'Z': 9} -> PROVEN (0.001 cpu-h)
            42-14-6.json n=42 k=14 d=6 spanned={'X': 12, 'Z': 14} -> PROVEN (0.0 cpu-h)
             42-6-6.json n=42 k=6 d=6 spanned={'X': 4, 'Z': 4} -> PROVEN (0.0 cpu-h)
             48-6-3.json n=48 k=6 d=3 spanned={'X': 1, 'Z': 1} -> PROVEN (0.0 cpu-h)
            50-18-4.json n=50 k=18 d=4 spanned={'X': 16, 'Z': 16} -> PROVEN (0.0 cpu-h)
             50-6-3.json n=50 k=6 d=3 spanned={'X': 1, 'Z': 1} -> PROVEN (0.0 cpu-h)
             51-7-3.json n=51 k=7 d=3 spanned={'X': 2, 'Z': 2} -> PROVEN (0.0 cpu-h)
            54-20-4.json n=54 k=20 d=4 spanned={'X': 19, 'Z': 17} -> PROVEN (0.0 cpu-h)
             54-6-7.json n=54 k=6 d=7 spanned={'X': 4, 'Z': 6} -> PROVEN (0.0 cpu-h)
             54-8-6.json n=54 k=8 d=6 spanned={'X': 6, 'Z': 6} -> PROVEN (0.0 cpu-h)
             54-9-5.json n=54 k=9 d=5 spanned={'X': 6, 'Z': 6} -> PROVEN (0.0 cpu-h)
            60-12-6.json n=60 k=12 d=6 spanned={'X': 0, 'Z': 10} -> PROVEN (0.002 cpu-h)
             60-4-8.json n=60 k=4 d=8 spanned={'X': 2, 'Z': 2} -> PROVEN (0.002 cpu-h)
             60-6-9.json n=60 k=6 d=9 spanned={'X': 3, 'Z': 5} -> PROVEN (0.001 cpu-h)
             63-3-5.json n=63 k=3 d=5 spanned={'X': 0, 'Z': 1} -> PROVEN (0.0 cpu-h)
            64-16-6.json n=64 k=16 d=6 spanned={'X': 14, 'Z': 14} -> PROVEN (0.0 cpu-h)
            64-18-8.json n=64 k=18 d=8 spanned={'X': 15, 'Z': 15} -> PROVEN (0.0 cpu-h)
             64-8-3.json n=64 k=8 d=3 spanned={'X': 2, 'Z': 2} -> PROVEN (0.001 cpu-h)
             65-9-3.json n=65 k=9 d=3 spanned={'X': 2, 'Z': 3} -> PROVEN (0.0 cpu-h)
            66-20-7.json n=66 k=20 d=7 spanned={'X': 19, 'Z': 20} -> PROVEN (0.002 cpu-h)
            66-6-10.json n=66 k=6 d=10 spanned={'X': 5, 'Z': 5} -> PROVEN (0.001 cpu-h)
             70-6-9.json n=70 k=6 d=9 spanned={'X': 4, 'Z': 5} -> PROVEN (0.001 cpu-h)
            70-8-10.json n=70 k=8 d=10 spanned={'X': 6, 'Z': 6} -> PROVEN (0.004 cpu-h)
            72-10-9.json n=72 k=10 d=9 spanned={'X': 9, 'Z': 8} -> PROVEN (0.001 cpu-h)
            72-14-8.json n=72 k=14 d=8 spanned={'X': 11, 'Z': 11} -> PROVEN (0.0 cpu-h)
            72-8-10.json n=72 k=8 d=10 spanned={'X': 7, 'Z': 7} -> PROVEN (0.004 cpu-h)
            78-10-3.json n=78 k=10 d=3 spanned={'X': 4, 'Z': 2} -> PROVEN (0.0 cpu-h)
            79-11-3.json n=79 k=11 d=3 spanned={'X': 3, 'Z': 3} -> PROVEN (0.0 cpu-h)
            80-6-10.json n=80 k=6 d=10 spanned={'X': 4, 'Z': 4} -> PROVEN (0.001 cpu-h)
            84-10-9.json n=84 k=10 d=9 spanned={'X': 7, 'Z': 8} -> PROVEN (0.001 cpu-h)
           84-14-10.json n=84 k=14 d=10 spanned={'X': 8, 'Z': 11} -> PROVEN (0.005 cpu-h)
             84-2-9.json n=84 k=2 d=9 spanned={'X': 2, 'Z': 1} -> PROVEN (0.002 cpu-h)
            84-34-6.json n=84 k=34 d=6 spanned={'X': 33, 'Z': 33} -> PROVEN (0.0 cpu-h)
            85-22-4.json n=85 k=22 d=4 spanned={'X': 18, 'Z': 20} -> PROVEN (0.0 cpu-h)
            85-40-5.json n=85 k=40 d=5 spanned={'X': 40, 'Z': 37} -> PROVEN (0.001 cpu-h)
            90-12-9.json n=90 k=12 d=9 spanned={'X': 9, 'Z': 11} -> PROVEN (0.001 cpu-h)
            90-20-7.json n=90 k=20 d=7 spanned={'X': 20, 'Z': 19} -> PROVEN (0.0 cpu-h)
            93-13-3.json n=93 k=13 d=3 spanned={'X': 4, 'Z': 3} -> PROVEN (0.0 cpu-h)
            96-12-9.json n=96 k=12 d=9 spanned={'X': 6, 'Z': 10} -> PROVEN (0.001 cpu-h)
            96-18-4.json n=96 k=18 d=4 spanned={'X': 14, 'Z': 13} -> PROVEN (0.003 cpu-h)
            96-20-8.json n=96 k=20 d=8 spanned={'X': 18, 'Z': 18} -> PROVEN (0.001 cpu-h)
            96-34-4.json n=96 k=34 d=4 spanned={'X': 29, 'Z': 28} -> PROVEN (0.002 cpu-h)
            96-4-12.json n=96 k=4 d=12 spanned={'X': 2, 'Z': 2} -> PROVEN (0.012 cpu-h)
            98-12-9.json n=98 k=12 d=9 spanned={'X': 11, 'Z': 9} -> PROVEN (0.001 cpu-h)
            98-6-12.json n=98 k=6 d=12 spanned={'X': 3, 'Z': 3} -> PROVEN (0.013 cpu-h)
           100-20-8.json n=100 k=20 d=8 spanned={'X': 0, 'Z': 20} -> PROVEN (0.004 cpu-h)
            101-5-5.json n=101 k=5 d=5 spanned={'X': 0, 'Z': 2} -> PROVEN (0.0 cpu-h)
           104-30-8.json n=104 k=30 d=8 spanned={'X': 24, 'Z': 22} -> PROVEN (0.001 cpu-h)
           107-15-3.json n=107 k=15 d=3 spanned={'X': 4, 'Z': 4} -> PROVEN (0.0 cpu-h)
           108-20-4.json n=108 k=20 d=4 spanned={'X': 13, 'Z': 16} -> PROVEN (0.0 cpu-h)
           112-2-10.json n=112 k=2 d=10 spanned={'X': 2, 'Z': 1} -> PROVEN (0.003 cpu-h)
           114-44-3.json n=114 k=44 d=3 spanned={'X': 20, 'Z': 37} -> PROVEN (0.0 cpu-h)
           119-34-5.json n=119 k=34 d=5 spanned={'X': 27, 'Z': 30} -> PROVEN (0.0 cpu-h)
          120-12-10.json n=120 k=12 d=10 spanned={'X': 7, 'Z': 8} -> PROVEN (0.016 cpu-h)
           120-16-8.json n=120 k=16 d=8 spanned={'X': 11, 'Z': 8} -> PROVEN (0.0 cpu-h)
           120-22-4.json n=120 k=22 d=4 spanned={'X': 16, 'Z': 19} -> PROVEN (0.005 cpu-h)
           120-24-8.json n=120 k=24 d=8 spanned={'X': 0, 'Z': 20} -> PROVEN (0.008 cpu-h)
           120-34-5.json n=120 k=34 d=5 spanned={'X': 27, 'Z': 30} -> PROVEN (0.0 cpu-h)
           121-1-11.json n=121 k=1 d=11 spanned={'X': 0, 'Z': 1} -> PROVEN (0.002 cpu-h)
           121-17-3.json n=121 k=17 d=3 spanned={'X': 4, 'Z': 5} -> PROVEN (0.0 cpu-h)
            123-3-7.json n=123 k=3 d=7 spanned={'X': 0, 'Z': 1} -> PROVEN (0.0 cpu-h)
          124-14-11.json n=124 k=14 d=11 spanned={'X': 9, 'Z': 14} -> PROVEN (0.003 cpu-h)
            126-6-5.json n=126 k=6 d=5 spanned={'X': 0, 'Z': 1} -> PROVEN (0.0 cpu-h)
          128-13-10.json n=128 k=13 d=10 spanned={'X': 6, 'Z': 7} -> PROVEN (0.103 cpu-h)
           135-19-3.json n=135 k=19 d=3 spanned={'X': 5, 'Z': 5} -> PROVEN (0.0 cpu-h)
           136-38-8.json n=136 k=38 d=8 spanned={'X': 33, 'Z': 27} -> PROVEN (0.0 cpu-h)
            139-7-5.json n=139 k=7 d=5 spanned={'X': 0, 'Z': 3} -> PROVEN (0.0 cpu-h)
          140-10-10.json n=140 k=10 d=10 spanned={'X': 7, 'Z': 6} -> PROVEN (0.04 cpu-h)
           140-6-14.json n=140 k=6 d=14 spanned={'X': 3, 'Z': 6} -> PROVEN (0.204 cpu-h)
           141-44-4.json n=141 k=44 d=4 spanned={'X': 16, 'Z': 36} -> PROVEN (0.0 cpu-h)
          144-12-12.json n=144 k=12 d=12 spanned={'X': 6, 'Z': 6} -> PROVEN (0.006 cpu-h)
          144-16-10.json n=144 k=16 d=10 spanned={'X': 12, 'Z': 16} -> PROVEN (0.036 cpu-h)
           144-18-9.json n=144 k=18 d=9 spanned={'X': 15, 'Z': 14} -> PROVEN (0.003 cpu-h)
           146-18-4.json n=146 k=18 d=4 spanned={'X': 16, 'Z': 17} -> PROVEN (0.003 cpu-h)
           149-21-3.json n=149 k=21 d=3 spanned={'X': 6, 'Z': 5} -> PROVEN (0.0 cpu-h)
          150-30-10.json n=150 k=30 d=10 spanned={'X': 0, 'Z': 28} -> PROVEN (0.098 cpu-h)
           152-42-8.json n=152 k=42 d=8 spanned={'X': 36, 'Z': 30} -> PROVEN (0.002 cpu-h)
           154-6-11.json n=154 k=6 d=11 spanned={'X': 3, 'Z': 6} -> PROVEN (0.002 cpu-h)
          163-12-10.json n=163 k=12 d=10 spanned={'X': 6, 'Z': 11} -> PROVEN (0.006 cpu-h)
           163-23-3.json n=163 k=23 d=3 spanned={'X': 6, 'Z': 6} -> PROVEN (0.0 cpu-h)
          164-12-10.json n=164 k=12 d=10 spanned={'X': 6, 'Z': 11} -> PROVEN (0.007 cpu-h)
            168-8-5.json n=168 k=8 d=5 spanned={'X': 3, 'Z': 0} -> PROVEN (0.007 cpu-h)
           170-34-8.json n=170 k=34 d=8 spanned={'X': 0, 'Z': 34} -> PROVEN (0.011 cpu-h)
           175-12-7.json n=175 k=12 d=7 spanned={'X': 10, 'Z': 6} -> PROVEN (0.001 cpu-h)
            175-8-9.json n=175 k=8 d=9 spanned={'X': 7, 'Z': 5} -> PROVEN (0.003 cpu-h)
           177-25-3.json n=177 k=25 d=3 spanned={'X': 6, 'Z': 7} -> PROVEN (0.0 cpu-h)
            177-9-5.json n=177 k=9 d=5 spanned={'X': 0, 'Z': 4} -> PROVEN (0.0 cpu-h)
           180-36-8.json n=180 k=36 d=8 spanned={'X': 0, 'Z': 34} -> PROVEN (0.04 cpu-h)
           182-6-12.json n=182 k=6 d=12 spanned={'X': 3, 'Z': 6} -> PROVEN (0.006 cpu-h)
          184-50-10.json n=184 k=50 d=10 spanned={'X': 39, 'Z': 36} -> PROVEN (0.009 cpu-h)
           190-38-8.json n=190 k=38 d=8 spanned={'X': 0, 'Z': 38} -> PROVEN (0.011 cpu-h)
           190-78-3.json n=190 k=78 d=3 spanned={'X': 38, 'Z': 66} -> PROVEN (0.0 cpu-h)
           191-27-3.json n=191 k=27 d=3 spanned={'X': 7, 'Z': 7} -> PROVEN (0.0 cpu-h)
           195-39-8.json n=195 k=39 d=8 spanned={'X': 0, 'Z': 39} -> PROVEN (0.021 cpu-h)
          196-15-11.json n=196 k=15 d=11 spanned={'X': 9, 'Z': 8} -> PROVEN (0.176 cpu-h)
            197-5-7.json n=197 k=5 d=7 spanned={'X': 0, 'Z': 2} -> PROVEN (0.0 cpu-h)
            198-8-9.json n=198 k=8 d=9 spanned={'X': 5, 'Z': 5} -> PROVEN (0.003 cpu-h)
          201-15-11.json n=201 k=15 d=11 spanned={'X': 9, 'Z': 8} -> PROVEN (0.057 cpu-h)
           202-10-5.json n=202 k=10 d=5 spanned={'X': 0, 'Z': 2} -> PROVEN (0.0 cpu-h)
            203-3-9.json n=203 k=3 d=9 spanned={'X': 0, 'Z': 1} -> PROVEN (0.0 cpu-h)
          205-12-12.json n=205 k=12 d=12 spanned={'X': 8, 'Z': 11} -> PROVEN (0.168 cpu-h)
           205-29-3.json n=205 k=29 d=3 spanned={'X': 8, 'Z': 7} -> PROVEN (0.0 cpu-h)
          210-12-10.json n=210 k=12 d=10 spanned={'X': 9, 'Z': 6} -> PROVEN (0.076 cpu-h)
          211-12-12.json n=211 k=12 d=12 spanned={'X': 8, 'Z': 10} -> in progress (0.265 cpu-h)
           215-11-5.json n=215 k=11 d=5 spanned={'X': 0, 'Z': 5} -> PROVEN (0.0 cpu-h)
           219-31-3.json n=219 k=31 d=3 spanned={'X': 8, 'Z': 8} -> PROVEN (0.0 cpu-h)
          230-16-12.json n=230 k=16 d=12 spanned={'X': 13, 'Z': 11} -> in progress (0.254 cpu-h)
           230-46-8.json n=230 k=46 d=8 spanned={'X': 0, 'Z': 46} -> PROVEN (0.023 cpu-h)
           233-33-3.json n=233 k=33 d=3 spanned={'X': 8, 'Z': 9} -> PROVEN (0.0 cpu-h)
          236-16-12.json n=236 k=16 d=12 spanned={'X': 13, 'Z': 12} -> in progress (0.261 cpu-h)
    239-12-12-graft.json n=239 k=12 d=12 spanned={'X': 6, 'Z': 11} -> in progress (0.261 cpu-h)
          240-12-12.json n=240 k=12 d=12 spanned={'X': 8, 'Z': 6} -> PROVEN (0.443 cpu-h)
          242-12-12.json n=242 k=12 d=12 spanned={'X': 7, 'Z': 11} -> in progress (0.267 cpu-h)
           244-12-5.json n=244 k=12 d=5 spanned={'X': 0, 'Z': 4} -> PROVEN (0.0 cpu-h)
           247-35-3.json n=247 k=35 d=3 spanned={'X': 9, 'Z': 9} -> PROVEN (0.0 cpu-h)
          252-130-6.json n=252 k=130 d=6 spanned={'X': 127, 'Z': 129} -> PROVEN (0.023 cpu-h)
           253-13-5.json n=253 k=13 d=5 spanned={'X': 0, 'Z': 6} -> PROVEN (0.0 cpu-h)
            258-6-7.json n=258 k=6 d=7 spanned={'X': 0, 'Z': 2} -> PROVEN (0.0 cpu-h)
          259-12-14.json n=259 k=12 d=14 spanned={'X': 8, 'Z': 11} -> in progress (0.276 cpu-h)
           261-37-3.json n=261 k=37 d=3 spanned={'X': 10, 'Z': 9} -> PROVEN (0.0 cpu-h)
           265-8-12.json n=265 k=8 d=12 spanned={'X': 6, 'Z': 6} -> PROVEN (0.055 cpu-h)
            271-7-7.json n=271 k=7 d=7 spanned={'X': 0, 'Z': 3} -> PROVEN (0.0 cpu-h)
           275-39-3.json n=275 k=39 d=3 spanned={'X': 10, 'Z': 10} -> PROVEN (0.0 cpu-h)
           276-5-13.json n=276 k=5 d=13 spanned={'X': 4, 'Z': 4} -> PROVEN (0.233 cpu-h)
           278-14-5.json n=278 k=14 d=5 spanned={'X': 0, 'Z': 3} -> PROVEN (0.0 cpu-h)
           288-46-8.json n=288 k=46 d=8 spanned={'X': 36, 'Z': 36} -> PROVEN (0.006 cpu-h)
           288-48-8.json n=288 k=48 d=8 spanned={'X': 24, 'Z': 24} -> PROVEN (0.009 cpu-h)
           288-50-8.json n=288 k=50 d=8 spanned={'X': 36, 'Z': 36} -> PROVEN (0.018 cpu-h)
           289-41-3.json n=289 k=41 d=3 spanned={'X': 10, 'Z': 11} -> PROVEN (0.0 cpu-h)
           291-15-5.json n=291 k=15 d=5 spanned={'X': 2, 'Z': 1} -> PROVEN (0.0 cpu-h)
           292-18-8.json n=292 k=18 d=8 spanned={'X': 9, 'Z': 18} -> PROVEN (0.0 cpu-h)
           300-28-8.json n=300 k=28 d=8 spanned={'X': 5, 'Z': 19} -> PROVEN (0.009 cpu-h)
           300-8-13.json n=300 k=8 d=13 spanned={'X': 7, 'Z': 7} -> in progress (0.291 cpu-h)
           303-3-11.json n=303 k=3 d=11 spanned={'X': 0, 'Z': 1} -> PROVEN (0.002 cpu-h)
           303-43-3.json n=303 k=43 d=3 spanned={'X': 11, 'Z': 11} -> PROVEN (0.0 cpu-h)
           317-41-3.json n=317 k=41 d=3 spanned={'X': 9, 'Z': 11} -> PROVEN (0.036 cpu-h)
           317-45-3.json n=317 k=45 d=3 spanned={'X': 12, 'Z': 11} -> PROVEN (0.0 cpu-h)
           318-42-3.json n=318 k=42 d=3 spanned={'X': 11, 'Z': 10} -> PROVEN (0.0 cpu-h)
           323-43-3.json n=323 k=43 d=3 spanned={'X': 10, 'Z': 12} -> PROVEN (0.04 cpu-h)
            325-5-9.json n=325 k=5 d=9 spanned={'X': 0, 'Z': 2} -> PROVEN (0.002 cpu-h)
           326-44-3.json n=326 k=44 d=3 spanned={'X': 10, 'Z': 12} -> PROVEN (0.0 cpu-h)
           329-17-5.json n=329 k=17 d=5 spanned={'X': 2, 'Z': 1} -> PROVEN (0.0 cpu-h)
           331-47-3.json n=331 k=47 d=3 spanned={'X': 12, 'Z': 12} -> PROVEN (0.0 cpu-h)
           332-6-14.json n=332 k=6 d=14 spanned={'X': 6, 'Z': 4} -> in progress (0.276 cpu-h)
           335-45-3.json n=335 k=45 d=3 spanned={'X': 12, 'Z': 10} -> PROVEN (0.0 cpu-h)
           342-46-3.json n=342 k=46 d=3 spanned={'X': 12, 'Z': 11} -> PROVEN (0.047 cpu-h)
            344-8-7.json n=344 k=8 d=7 spanned={'X': 0, 'Z': 2} -> PROVEN (0.028 cpu-h)
            345-9-7.json n=345 k=9 d=7 spanned={'X': 0, 'Z': 4} -> PROVEN (0.001 cpu-h)
           354-18-5.json n=354 k=18 d=5 spanned={'X': 2, 'Z': 2} -> PROVEN (0.0 cpu-h)
           360-48-3.json n=360 k=48 d=3 spanned={'X': 10, 'Z': 13} -> PROVEN (0.053 cpu-h)
           367-19-5.json n=367 k=19 d=5 spanned={'X': 0, 'Z': 9} -> PROVEN (0.0 cpu-h)
           370-50-3.json n=370 k=50 d=3 spanned={'X': 10, 'Z': 14} -> PROVEN (0.059 cpu-h)
           378-50-3.json n=378 k=50 d=3 spanned={'X': 12, 'Z': 12} -> PROVEN (0.0 cpu-h)
           379-51-3.json n=379 k=51 d=3 spanned={'X': 12, 'Z': 14} -> PROVEN (0.0 cpu-h)
           384-52-3.json n=384 k=52 d=3 spanned={'X': 16, 'Z': 12} -> PROVEN (0.0 cpu-h)
           388-20-5.json n=388 k=20 d=5 spanned={'X': 0, 'Z': 4} -> PROVEN (0.0 cpu-h)
           393-53-3.json n=393 k=53 d=3 spanned={'X': 14, 'Z': 12} -> PROVEN (0.083 cpu-h)
           398-54-3.json n=398 k=54 d=3 spanned={'X': 15, 'Z': 13} -> PROVEN (0.0 cpu-h)
           400-35-8.json n=400 k=35 d=8 spanned={'X': 6, 'Z': 13} -> PROVEN (0.013 cpu-h)
           405-21-5.json n=405 k=21 d=5 spanned={'X': 2, 'Z': 3} -> PROVEN (0.0 cpu-h)
           405-55-3.json n=405 k=55 d=3 spanned={'X': 13, 'Z': 15} -> PROVEN (0.0 cpu-h)
            414-6-9.json n=414 k=6 d=9 spanned={'X': 0, 'Z': 2} -> PROVEN (0.002 cpu-h)
           418-10-7.json n=418 k=10 d=7 spanned={'X': 0, 'Z': 2} -> PROVEN (0.001 cpu-h)
           419-11-7.json n=419 k=11 d=7 spanned={'X': 0, 'Z': 1} -> PROVEN (0.0 cpu-h)
           423-3-13.json n=423 k=3 d=13 spanned={'X': 0, 'Z': 1} -> PROVEN (0.005 cpu-h)
           423-57-3.json n=423 k=57 d=3 spanned={'X': 13, 'Z': 15} -> PROVEN (0.0 cpu-h)
           430-22-5.json n=430 k=22 d=5 spanned={'X': 3, 'Z': 2} -> PROVEN (0.0 cpu-h)
           434-58-3.json n=434 k=58 d=3 spanned={'X': 15, 'Z': 13} -> PROVEN (0.089 cpu-h)
           435-59-3.json n=435 k=59 d=3 spanned={'X': 16, 'Z': 14} -> PROVEN (0.09 cpu-h)
           442-60-3.json n=442 k=60 d=3 spanned={'X': 16, 'Z': 13} -> PROVEN (0.0 cpu-h)
           443-23-5.json n=443 k=23 d=5 spanned={'X': 2, 'Z': 3} -> PROVEN (0.0 cpu-h)
            447-7-9.json n=447 k=7 d=9 spanned={'X': 0, 'Z': 3} -> PROVEN (0.003 cpu-h)
           449-61-3.json n=449 k=61 d=3 spanned={'X': 13, 'Z': 17} -> PROVEN (0.05 cpu-h)
           467-63-3.json n=467 k=63 d=3 spanned={'X': 17, 'Z': 15} -> PROVEN (0.0 cpu-h)
           477-65-3.json n=477 k=65 d=3 spanned={'X': 20, 'Z': 15} -> PROVEN (0.0 cpu-h)
           481-25-5.json n=481 k=25 d=5 spanned={'X': 2, 'Z': 3} -> PROVEN (0.0 cpu-h)
           484-66-3.json n=484 k=66 d=3 spanned={'X': 16, 'Z': 18} -> PROVEN (0.0 cpu-h)
           485-5-11.json n=485 k=5 d=11 spanned={'X': 0, 'Z': 2} -> PROVEN (0.006 cpu-h)
           493-13-7.json n=493 k=13 d=7 spanned={'X': 1, 'Z': 1} -> PROVEN (0.0 cpu-h)
           495-67-3.json n=495 k=67 d=3 spanned={'X': 15, 'Z': 18} -> PROVEN (0.132 cpu-h)
          500-36-12.json n=500 k=36 d=12 spanned={'X': 5, 'Z': 27} -> in progress (0.311 cpu-h)
           500-68-3.json n=500 k=68 d=3 spanned={'X': 16, 'Z': 19} -> PROVEN (0.0 cpu-h)
           506-26-5.json n=506 k=26 d=5 spanned={'X': 4, 'Z': 2} -> PROVEN (0.0 cpu-h)
           511-69-3.json n=511 k=69 d=3 spanned={'X': 18, 'Z': 15} -> PROVEN (0.0 cpu-h)
           515-27-5.json n=515 k=27 d=5 spanned={'X': 3, 'Z': 3} -> PROVEN (0.0 cpu-h)
           519-27-5.json n=519 k=27 d=5 spanned={'X': 3, 'Z': 3} -> PROVEN (0.0 cpu-h)
           528-70-3.json n=528 k=70 d=3 spanned={'X': 16, 'Z': 18} -> PROVEN (0.0 cpu-h)
           528-72-3.json n=528 k=72 d=3 spanned={'X': 20, 'Z': 17} -> PROVEN (0.162 cpu-h)
           532-28-5.json n=532 k=28 d=5 spanned={'X': 2, 'Z': 4} -> PROVEN (0.0 cpu-h)
           545-73-3.json n=545 k=73 d=3 spanned={'X': 17, 'Z': 18} -> PROVEN (0.182 cpu-h)
           546-74-3.json n=546 k=74 d=3 spanned={'X': 19, 'Z': 18} -> PROVEN (0.179 cpu-h)
           549-75-3.json n=549 k=75 d=3 spanned={'X': 20, 'Z': 17} -> PROVEN (0.0 cpu-h)
            552-8-9.json n=552 k=8 d=9 spanned={'X': 0, 'Z': 2} -> PROVEN (0.105 cpu-h)
           555-75-3.json n=555 k=75 d=3 spanned={'X': 18, 'Z': 19} -> PROVEN (0.0 cpu-h)
           557-29-5.json n=557 k=29 d=5 spanned={'X': 3, 'Z': 3} -> PROVEN (0.0 cpu-h)
           558-76-3.json n=558 k=76 d=3 spanned={'X': 18, 'Z': 20} -> PROVEN (0.0 cpu-h)
           565-77-3.json n=565 k=77 d=3 spanned={'X': 18, 'Z': 22} -> PROVEN (0.199 cpu-h)
           567-15-7.json n=567 k=15 d=7 spanned={'X': 1, 'Z': 1} -> PROVEN (0.0 cpu-h)
            569-9-9.json n=569 k=9 d=9 spanned={'X': 0, 'Z': 4} -> PROVEN (0.005 cpu-h)
           570-78-3.json n=570 k=78 d=3 spanned={'X': 22, 'Z': 19} -> PROVEN (0.0 cpu-h)
           574-30-5.json n=574 k=30 d=5 spanned={'X': 0, 'Z': 6} -> PROVEN (0.001 cpu-h)
           578-14-7.json n=578 k=14 d=7 spanned={'X': 0, 'Z': 2} -> PROVEN (0.001 cpu-h)
           582-30-5.json n=582 k=30 d=5 spanned={'X': 4, 'Z': 2} -> PROVEN (0.0 cpu-h)
           595-31-5.json n=595 k=31 d=5 spanned={'X': 3, 'Z': 3} -> PROVEN (0.0 cpu-h)
           597-81-3.json n=597 k=81 d=3 spanned={'X': 21, 'Z': 18} -> PROVEN (0.233 cpu-h)
           600-45-8.json n=600 k=45 d=8 spanned={'X': 6, 'Z': 21} -> PROVEN (0.026 cpu-h)
           607-83-3.json n=607 k=83 d=3 spanned={'X': 22, 'Z': 19} -> PROVEN (0.249 cpu-h)
           608-32-5.json n=608 k=32 d=5 spanned={'X': 2, 'Z': 4} -> PROVEN (0.154 cpu-h)
           615-15-7.json n=615 k=15 d=7 spanned={'X': 0, 'Z': 2} -> PROVEN (0.002 cpu-h)
           616-84-3.json n=616 k=84 d=3 spanned={'X': 23, 'Z': 20} -> PROVEN (0.0 cpu-h)
           621-85-3.json n=621 k=85 d=3 spanned={'X': 20, 'Z': 24} -> PROVEN (0.0 cpu-h)
           625-33-5.json n=625 k=33 d=5 spanned={'X': 4, 'Z': 3} -> PROVEN (0.0 cpu-h)
           625-50-3.json n=625 k=50 d=3 spanned={'X': 7, 'Z': 8} -> PROVEN (0.0 cpu-h)
           630-86-3.json n=630 k=86 d=3 spanned={'X': 19, 'Z': 23} -> PROVEN (0.279 cpu-h)
           633-6-11.json n=633 k=6 d=11 spanned={'X': 0, 'Z': 2} -> PROVEN (0.011 cpu-h)
           634-6-11.json n=634 k=6 d=11 spanned={'X': 0, 'Z': 2} -> PROVEN (0.009 cpu-h)
           636-6-11.json n=636 k=6 d=11 spanned={'X': 0, 'Z': 2} -> PROVEN (0.007 cpu-h)
           641-17-7.json n=641 k=17 d=7 spanned={'X': 0, 'Z': 8} -> PROVEN (0.003 cpu-h)
           643-87-3.json n=643 k=87 d=3 spanned={'X': 22, 'Z': 21} -> PROVEN (0.0 cpu-h)
           648-88-3.json n=648 k=88 d=3 spanned={'X': 21, 'Z': 23} -> PROVEN (0.329 cpu-h)
          656-114-3.json n=656 k=114 d=3 spanned={'X': 34, 'Z': 34} -> PROVEN (0.001 cpu-h)
           658-34-5.json n=658 k=34 d=5 spanned={'X': 4, 'Z': 2} -> PROVEN (0.0 cpu-h)
           659-35-5.json n=659 k=35 d=5 spanned={'X': 2, 'Z': 5} -> PROVEN (0.001 cpu-h)
           663-91-3.json n=663 k=91 d=3 spanned={'X': 28, 'Z': 21} -> PROVEN (0.0 cpu-h)
           666-10-9.json n=666 k=10 d=9 spanned={'X': 0, 'Z': 2} -> PROVEN (0.005 cpu-h)
           667-7-11.json n=667 k=7 d=11 spanned={'X': 0, 'Z': 3} -> PROVEN (0.009 cpu-h)
           671-35-5.json n=671 k=35 d=5 spanned={'X': 0, 'Z': 17} -> PROVEN (0.001 cpu-h)
          672-342-5.json n=672 k=342 d=5 spanned={'X': 340, 'Z': 342} -> in progress (0.289 cpu-h)
           672-85-3.json n=672 k=85 d=3 spanned={'X': 15, 'Z': 18} -> PROVEN (0.001 cpu-h)
          676-110-3.json n=676 k=110 d=3 spanned={'X': 30, 'Z': 32} -> PROVEN (0.001 cpu-h)
           676-36-5.json n=676 k=36 d=5 spanned={'X': 4, 'Z': 4} -> PROVEN (0.001 cpu-h)
           676-51-4.json n=676 k=51 d=4 spanned={'X': 4, 'Z': 5} -> PROVEN (0.001 cpu-h)
           676-71-4.json n=676 k=71 d=4 spanned={'X': 1, 'Z': 64} -> PROVEN (0.235 cpu-h)
           677-5-13.json n=677 k=5 d=13 spanned={'X': 0, 'Z': 2} -> PROVEN (0.019 cpu-h)
